1787355564.282441
1787355719.019115
1787355729.956451
1787356297.038572
1787356309.295414
1787357060.556949
1787361781.604381
1787361995.135479
1787362446.221432
1787362581.273287
1787364944.968139
1787367600.910327
1787367848.362792
1787368377.181806
1787377053.774004
1787377542.449408
1787377709.265612
1787379674.806807
1787379945.506837
1787380456.35845
1787381142.35702
1787381797.079806
1787433495.117602
1787434873.918669
1787434912.821919
1787436193.046037
1787436869.745604
1787436869.952089
1787436879.125202
1787437263.749106
1787437264.204367
1787437272.874455
1787456788.933714
1787456789.36589
1787459425.974399
1787459474.184971
1787459589.183289
1787460892.249291
1787460892.3287
1787460903.318613
