0 verbose cli /usr/local/bin/node /usr/local/bin/npm
1 info using npm@11.17.0
2 info using node@v26.5.1
3 silly config load:file:/usr/local/lib/node_modules/npm/npmrc
4 silly config load:file:/opt/data/connect-4-react-ts/.npmrc
5 silly config load:file:/opt/data/profiles/coder/home/.npmrc
6 silly config load:file:/usr/local/etc/npmrc
7 verbose title npm install
8 verbose argv "install"
9 verbose logfile logs-max:10 dir:/opt/data/profiles/coder/home/.npm/_logs/2026-08-22T02_45_28_078Z-
10 verbose logfile /opt/data/profiles/coder/home/.npm/_logs/2026-08-22T02_45_28_078Z-debug-0.log
11 silly logfile done cleaning log files
12 silly packumentCache heap:2248146944 maxSize:562036736 maxEntrySize:281018368
13 silly idealTree buildDeps
14 silly fetch manifest react@^19.2.8
15 silly packumentCache full:https://registry.npmjs.org/react cache-miss
16 http fetch GET 200 https://registry.npmjs.org/react 403ms (cache miss)
17 silly packumentCache full:https://registry.npmjs.org/react set size:undefined disposed:false
18 silly fetch manifest react-dom@^19.2.8
19 silly packumentCache full:https://registry.npmjs.org/react-dom cache-miss
20 http fetch GET 200 https://registry.npmjs.org/react-dom 417ms (cache miss)
21 silly packumentCache full:https://registry.npmjs.org/react-dom set size:undefined disposed:false
22 silly fetch manifest @types/node@^24.13.3
23 silly packumentCache full:https://registry.npmjs.org/@types%2fnode cache-miss
24 http fetch GET 200 https://registry.npmjs.org/@types%2fnode 372ms (cache miss)
25 silly packumentCache full:https://registry.npmjs.org/@types%2fnode set size:undefined disposed:false
26 silly fetch manifest @types/react@^19.2.17
27 silly packumentCache full:https://registry.npmjs.org/@types%2freact cache-miss
28 http fetch GET 200 https://registry.npmjs.org/@types%2freact 162ms (cache miss)
29 silly packumentCache full:https://registry.npmjs.org/@types%2freact set size:undefined disposed:false
30 silly fetch manifest @types/react-dom@^19.2.3
31 silly packumentCache full:https://registry.npmjs.org/@types%2freact-dom cache-miss
32 http fetch GET 200 https://registry.npmjs.org/@types%2freact-dom 152ms (cache miss)
33 silly packumentCache full:https://registry.npmjs.org/@types%2freact-dom set size:undefined disposed:false
34 silly fetch manifest @vitejs/plugin-react@^6.0.4
35 silly packumentCache full:https://registry.npmjs.org/@vitejs%2fplugin-react cache-miss
36 http fetch GET 200 https://registry.npmjs.org/@vitejs%2fplugin-react 74ms (cache miss)
37 silly packumentCache full:https://registry.npmjs.org/@vitejs%2fplugin-react set size:undefined disposed:false
38 silly fetch manifest @rolldown/plugin-babel@^0.1.7 || ^0.2.0
39 silly packumentCache full:https://registry.npmjs.org/@rolldown%2fplugin-babel cache-miss
40 http fetch GET 200 https://registry.npmjs.org/@rolldown%2fplugin-babel 56ms (cache miss)
41 silly packumentCache full:https://registry.npmjs.org/@rolldown%2fplugin-babel set size:undefined disposed:false
42 silly fetch manifest @babel/core@^7.29.0 || ^8.0.0-rc.1
43 silly packumentCache full:https://registry.npmjs.org/@babel%2fcore cache-miss
44 http fetch GET 200 https://registry.npmjs.org/@babel%2fcore 109ms (cache miss)
45 silly packumentCache full:https://registry.npmjs.org/@babel%2fcore set size:undefined disposed:false
46 silly fetch manifest @babel/plugin-transform-runtime@^7.29.0 || ^8.0.0-rc.1
47 silly packumentCache full:https://registry.npmjs.org/@babel%2fplugin-transform-runtime cache-miss
48 http fetch GET 200 https://registry.npmjs.org/@babel%2fplugin-transform-runtime 79ms (cache miss)
49 silly packumentCache full:https://registry.npmjs.org/@babel%2fplugin-transform-runtime set size:undefined disposed:false
50 silly fetch manifest @babel/runtime@^7.27.0 || ^8.0.0-rc.1
51 silly packumentCache full:https://registry.npmjs.org/@babel%2fruntime cache-miss
52 http fetch GET 200 https://registry.npmjs.org/@babel%2fruntime 205ms (cache miss)
53 silly packumentCache full:https://registry.npmjs.org/@babel%2fruntime set size:undefined disposed:false
54 silly fetch manifest rolldown@^1.0.0-rc.5
55 silly packumentCache full:https://registry.npmjs.org/rolldown cache-miss
56 http fetch GET 200 https://registry.npmjs.org/rolldown 171ms (cache miss)
57 silly packumentCache full:https://registry.npmjs.org/rolldown set size:undefined disposed:false
58 silly fetch manifest vite@^8.2.0
59 silly packumentCache full:https://registry.npmjs.org/vite cache-miss
60 http fetch GET 200 https://registry.npmjs.org/vite 1279ms (cache miss)
61 silly packumentCache full:https://registry.npmjs.org/vite set size:undefined disposed:false
62 silly fetch manifest @vitejs/devtools@^0.4.0 || ^0.5.0
63 silly packumentCache full:https://registry.npmjs.org/@vitejs%2fdevtools cache-miss
64 http fetch GET 200 https://registry.npmjs.org/@vitejs%2fdevtools 126ms (cache miss)
65 silly packumentCache full:https://registry.npmjs.org/@vitejs%2fdevtools set size:undefined disposed:false
66 silly fetch manifest @vitejs/devtools-oxc@^0.5.2
67 silly packumentCache full:https://registry.npmjs.org/@vitejs%2fdevtools-oxc cache-miss
68 http fetch GET 200 https://registry.npmjs.org/@vitejs%2fdevtools-oxc 53ms (cache miss)
69 silly packumentCache full:https://registry.npmjs.org/@vitejs%2fdevtools-oxc set size:undefined disposed:false
70 silly fetch manifest @vitejs/devtools-rolldown@^0.5.2
71 silly packumentCache full:https://registry.npmjs.org/@vitejs%2fdevtools-rolldown cache-miss
72 http fetch GET 200 https://registry.npmjs.org/@vitejs%2fdevtools-rolldown 108ms (cache miss)
73 silly packumentCache full:https://registry.npmjs.org/@vitejs%2fdevtools-rolldown set size:undefined disposed:false
74 silly fetch manifest @vitejs/devtools-vite@^0.5.2
75 silly packumentCache full:https://registry.npmjs.org/@vitejs%2fdevtools-vite cache-miss
76 http fetch GET 200 https://registry.npmjs.org/@vitejs%2fdevtools-vite 51ms (cache miss)
77 silly packumentCache full:https://registry.npmjs.org/@vitejs%2fdevtools-vite set size:undefined disposed:false
78 silly fetch manifest @vitejs/devtools-vitest@^0.5.2
79 silly packumentCache full:https://registry.npmjs.org/@vitejs%2fdevtools-vitest cache-miss
80 http fetch GET 200 https://registry.npmjs.org/@vitejs%2fdevtools-vitest 110ms (cache miss)
81 silly packumentCache full:https://registry.npmjs.org/@vitejs%2fdevtools-vitest set size:undefined disposed:false
82 silly fetch manifest vitest@*
83 silly packumentCache full:https://registry.npmjs.org/vitest cache-miss
84 http fetch GET 200 https://registry.npmjs.org/vitest 131ms (cache miss)
85 silly packumentCache full:https://registry.npmjs.org/vitest set size:undefined disposed:false
86 silly fetch manifest @edge-runtime/vm@*
87 silly packumentCache full:https://registry.npmjs.org/@edge-runtime%2fvm cache-miss
88 http fetch GET 200 https://registry.npmjs.org/@edge-runtime%2fvm 135ms (cache miss)
89 silly packumentCache full:https://registry.npmjs.org/@edge-runtime%2fvm set size:undefined disposed:false
90 silly fetch manifest @opentelemetry/api@^1.9.0
91 silly packumentCache full:https://registry.npmjs.org/@opentelemetry%2fapi cache-miss
92 http fetch GET 200 https://registry.npmjs.org/@opentelemetry%2fapi 62ms (cache miss)
93 silly packumentCache full:https://registry.npmjs.org/@opentelemetry%2fapi set size:undefined disposed:false
94 silly fetch manifest @vitest/browser-playwright@4.1.11
95 silly packumentCache full:https://registry.npmjs.org/@vitest%2fbrowser-playwright cache-miss
96 http fetch GET 200 https://registry.npmjs.org/@vitest%2fbrowser-playwright 109ms (cache miss)
97 silly packumentCache full:https://registry.npmjs.org/@vitest%2fbrowser-playwright set size:undefined disposed:false
98 silly fetch manifest playwright@*
99 silly packumentCache full:https://registry.npmjs.org/playwright cache-miss
100 http fetch GET 200 https://registry.npmjs.org/playwright 693ms (cache miss)
101 silly packumentCache full:https://registry.npmjs.org/playwright set size:undefined disposed:false
102 silly fetch manifest @vitest/browser-preview@4.1.11
103 silly packumentCache full:https://registry.npmjs.org/@vitest%2fbrowser-preview cache-miss
104 http fetch GET 200 https://registry.npmjs.org/@vitest%2fbrowser-preview 116ms (cache miss)
105 silly packumentCache full:https://registry.npmjs.org/@vitest%2fbrowser-preview set size:undefined disposed:false
106 silly fetch manifest @vitest/browser-webdriverio@4.1.11
107 silly packumentCache full:https://registry.npmjs.org/@vitest%2fbrowser-webdriverio cache-miss
108 http fetch GET 200 https://registry.npmjs.org/@vitest%2fbrowser-webdriverio 113ms (cache miss)
109 silly packumentCache full:https://registry.npmjs.org/@vitest%2fbrowser-webdriverio set size:undefined disposed:false
110 silly fetch manifest webdriverio@*
111 silly packumentCache full:https://registry.npmjs.org/webdriverio cache-miss
112 http fetch GET 200 https://registry.npmjs.org/webdriverio 177ms (cache miss)
113 silly packumentCache full:https://registry.npmjs.org/webdriverio set size:undefined disposed:false
114 silly fetch manifest puppeteer-core@>=22.x <=24.x
115 silly packumentCache full:https://registry.npmjs.org/puppeteer-core cache-miss
116 http fetch GET 200 https://registry.npmjs.org/puppeteer-core 111ms (cache miss)
117 silly packumentCache full:https://registry.npmjs.org/puppeteer-core set size:undefined disposed:false
118 silly fetch manifest @vitest/coverage-istanbul@4.1.11
119 silly packumentCache full:https://registry.npmjs.org/@vitest%2fcoverage-istanbul cache-miss
120 http fetch GET 200 https://registry.npmjs.org/@vitest%2fcoverage-istanbul 128ms (cache miss)
121 silly packumentCache full:https://registry.npmjs.org/@vitest%2fcoverage-istanbul set size:undefined disposed:false
122 silly fetch manifest @vitest/coverage-v8@4.1.11
123 silly packumentCache full:https://registry.npmjs.org/@vitest%2fcoverage-v8 cache-miss
124 http fetch GET 200 https://registry.npmjs.org/@vitest%2fcoverage-v8 76ms (cache miss)
125 silly packumentCache full:https://registry.npmjs.org/@vitest%2fcoverage-v8 set size:undefined disposed:false
126 silly fetch manifest @vitest/browser@4.1.11
127 silly packumentCache full:https://registry.npmjs.org/@vitest%2fbrowser cache-miss
128 http fetch GET 200 https://registry.npmjs.org/@vitest%2fbrowser 113ms (cache miss)
129 silly packumentCache full:https://registry.npmjs.org/@vitest%2fbrowser set size:undefined disposed:false
130 silly fetch manifest @vitest/ui@4.1.11
131 silly packumentCache full:https://registry.npmjs.org/@vitest%2fui cache-miss
132 http fetch GET 200 https://registry.npmjs.org/@vitest%2fui 122ms (cache miss)
133 silly packumentCache full:https://registry.npmjs.org/@vitest%2fui set size:undefined disposed:false
134 silly fetch manifest happy-dom@*
135 silly packumentCache full:https://registry.npmjs.org/happy-dom cache-miss
136 http fetch GET 200 https://registry.npmjs.org/happy-dom 157ms (cache miss)
137 silly packumentCache full:https://registry.npmjs.org/happy-dom set size:undefined disposed:false
138 silly fetch manifest jsdom@*
139 silly packumentCache full:https://registry.npmjs.org/jsdom cache-miss
140 http fetch GET 200 https://registry.npmjs.org/jsdom 90ms (cache miss)
141 silly packumentCache full:https://registry.npmjs.org/jsdom set size:undefined disposed:false
142 silly fetch manifest canvas@^3.2.3
143 silly packumentCache full:https://registry.npmjs.org/canvas cache-miss
144 http fetch GET 200 https://registry.npmjs.org/canvas 71ms (cache miss)
145 silly packumentCache full:https://registry.npmjs.org/canvas set size:undefined disposed:false
146 silly fetch manifest esbuild@^0.27.0 || ^0.28.0
147 silly packumentCache full:https://registry.npmjs.org/esbuild cache-miss
148 http fetch GET 200 https://registry.npmjs.org/esbuild 124ms (cache miss)
149 silly packumentCache full:https://registry.npmjs.org/esbuild set size:undefined disposed:false
150 silly fetch manifest jiti@>=1.21.0
151 silly packumentCache full:https://registry.npmjs.org/jiti cache-miss
152 http fetch GET 200 https://registry.npmjs.org/jiti 68ms (cache miss)
153 silly packumentCache full:https://registry.npmjs.org/jiti set size:undefined disposed:false
154 silly fetch manifest less@^4.0.0
155 silly packumentCache full:https://registry.npmjs.org/less cache-miss
156 http fetch GET 200 https://registry.npmjs.org/less 64ms (cache miss)
157 silly packumentCache full:https://registry.npmjs.org/less set size:undefined disposed:false
158 silly fetch manifest sass@^1.70.0
159 silly packumentCache full:https://registry.npmjs.org/sass cache-miss
160 http fetch GET 200 https://registry.npmjs.org/sass 88ms (cache miss)
161 silly packumentCache full:https://registry.npmjs.org/sass set size:undefined disposed:false
162 silly fetch manifest sass-embedded@^1.70.0
163 silly packumentCache full:https://registry.npmjs.org/sass-embedded cache-miss
164 http fetch GET 200 https://registry.npmjs.org/sass-embedded 99ms (cache miss)
165 silly packumentCache full:https://registry.npmjs.org/sass-embedded set size:undefined disposed:false
166 silly fetch manifest stylus@>=0.54.8
167 silly packumentCache full:https://registry.npmjs.org/stylus cache-miss
168 http fetch GET 200 https://registry.npmjs.org/stylus 49ms (cache miss)
169 silly packumentCache full:https://registry.npmjs.org/stylus set size:undefined disposed:false
170 silly fetch manifest sugarss@^5.0.0
171 silly packumentCache full:https://registry.npmjs.org/sugarss cache-miss
172 http fetch GET 200 https://registry.npmjs.org/sugarss 34ms (cache miss)
173 silly packumentCache full:https://registry.npmjs.org/sugarss set size:undefined disposed:false
174 silly fetch manifest postcss@^8.3.3
175 silly packumentCache full:https://registry.npmjs.org/postcss cache-miss
176 http fetch GET 200 https://registry.npmjs.org/postcss 67ms (cache miss)
177 silly packumentCache full:https://registry.npmjs.org/postcss set size:undefined disposed:false
178 silly fetch manifest terser@^5.16.0
179 silly packumentCache full:https://registry.npmjs.org/terser cache-miss
180 http fetch GET 200 https://registry.npmjs.org/terser 128ms (cache miss)
181 silly packumentCache full:https://registry.npmjs.org/terser set size:undefined disposed:false
182 silly fetch manifest tsx@^4.8.1
183 silly packumentCache full:https://registry.npmjs.org/tsx cache-miss
184 http fetch GET 200 https://registry.npmjs.org/tsx 51ms (cache miss)
185 silly packumentCache full:https://registry.npmjs.org/tsx set size:undefined disposed:false
186 silly fetch manifest yaml@^2.4.2
187 silly packumentCache full:https://registry.npmjs.org/yaml cache-miss
188 http fetch GET 200 https://registry.npmjs.org/yaml 66ms (cache miss)
189 silly packumentCache full:https://registry.npmjs.org/yaml set size:undefined disposed:false
190 silly fetch manifest babel-plugin-react-compiler@^1.0.0
191 silly packumentCache full:https://registry.npmjs.org/babel-plugin-react-compiler cache-miss
192 http fetch GET 200 https://registry.npmjs.org/babel-plugin-react-compiler 93ms (cache miss)
193 silly packumentCache full:https://registry.npmjs.org/babel-plugin-react-compiler set size:undefined disposed:false
194 silly fetch manifest oxc-transform-react@^0.145.0
195 silly packumentCache full:https://registry.npmjs.org/oxc-transform-react cache-miss
196 http fetch GET 200 https://registry.npmjs.org/oxc-transform-react 34ms (cache miss)
197 silly packumentCache full:https://registry.npmjs.org/oxc-transform-react set size:undefined disposed:false
198 silly fetch manifest oxlint@^1.75.0
199 silly packumentCache full:https://registry.npmjs.org/oxlint cache-miss
200 http fetch GET 200 https://registry.npmjs.org/oxlint 65ms (cache miss)
201 silly packumentCache full:https://registry.npmjs.org/oxlint set size:undefined disposed:false
202 silly fetch manifest oxlint-tsgolint@>=7.0.2001
203 silly packumentCache full:https://registry.npmjs.org/oxlint-tsgolint cache-miss
204 http fetch GET 200 https://registry.npmjs.org/oxlint-tsgolint 49ms (cache miss)
205 silly packumentCache full:https://registry.npmjs.org/oxlint-tsgolint set size:undefined disposed:false
206 silly fetch manifest vite-plus@*
207 silly packumentCache full:https://registry.npmjs.org/vite-plus cache-miss
208 http fetch GET 200 https://registry.npmjs.org/vite-plus 93ms (cache miss)
209 silly packumentCache full:https://registry.npmjs.org/vite-plus set size:undefined disposed:false
210 silly fetch manifest @vitest/browser-playwright@4.1.10
211 silly packumentCache full:https://registry.npmjs.org/@vitest%2fbrowser-playwright cache-miss
212 http cache https://registry.npmjs.org/@vitest%2fbrowser-playwright 17ms (cache hit)
213 silly packumentCache full:https://registry.npmjs.org/@vitest%2fbrowser-playwright set size:145772 disposed:false
214 silly fetch manifest vitest@4.1.10
215 silly packumentCache full:https://registry.npmjs.org/vitest cache-miss
216 http cache https://registry.npmjs.org/vitest 18ms (cache hit)
217 silly packumentCache full:https://registry.npmjs.org/vitest set size:2241365 disposed:false
218 silly fetch manifest @vitest/browser-preview@4.1.10
219 silly packumentCache full:https://registry.npmjs.org/@vitest%2fbrowser-preview cache-miss
220 http cache https://registry.npmjs.org/@vitest%2fbrowser-preview 20ms (cache hit)
221 silly packumentCache full:https://registry.npmjs.org/@vitest%2fbrowser-preview set size:139766 disposed:false
222 silly fetch manifest @vitest/browser-webdriverio@4.1.10
223 silly packumentCache full:https://registry.npmjs.org/@vitest%2fbrowser-webdriverio cache-miss
224 http cache https://registry.npmjs.org/@vitest%2fbrowser-webdriverio 12ms (cache hit)
225 silly packumentCache full:https://registry.npmjs.org/@vitest%2fbrowser-webdriverio set size:140979 disposed:false
226 silly fetch manifest @vitest/coverage-istanbul@4.1.10
227 silly packumentCache full:https://registry.npmjs.org/@vitest%2fcoverage-istanbul cache-miss
228 http cache https://registry.npmjs.org/@vitest%2fcoverage-istanbul 13ms (cache hit)
229 silly packumentCache full:https://registry.npmjs.org/@vitest%2fcoverage-istanbul set size:700836 disposed:false
230 silly fetch manifest @vitest/coverage-v8@4.1.10
231 silly packumentCache full:https://registry.npmjs.org/@vitest%2fcoverage-v8 cache-miss
232 http cache https://registry.npmjs.org/@vitest%2fcoverage-v8 13ms (cache hit)
233 silly packumentCache full:https://registry.npmjs.org/@vitest%2fcoverage-v8 set size:537094 disposed:false
234 silly fetch manifest @vitest/browser@4.1.10
235 silly packumentCache full:https://registry.npmjs.org/@vitest%2fbrowser cache-miss
236 http cache https://registry.npmjs.org/@vitest%2fbrowser 12ms (cache hit)
237 silly packumentCache full:https://registry.npmjs.org/@vitest%2fbrowser set size:797238 disposed:false
238 silly fetch manifest @vitest/ui@4.1.10
239 silly packumentCache full:https://registry.npmjs.org/@vitest%2fui cache-miss
240 http cache https://registry.npmjs.org/@vitest%2fui 13ms (cache hit)
241 silly packumentCache full:https://registry.npmjs.org/@vitest%2fui set size:1285644 disposed:false
242 silly fetch manifest typescript@~6.0.2
243 silly packumentCache full:https://registry.npmjs.org/typescript cache-miss
244 http fetch GET 200 https://registry.npmjs.org/typescript 507ms (cache miss)
245 silly packumentCache full:https://registry.npmjs.org/typescript set size:undefined disposed:false
246 silly placeDep ROOT @types/node@24.13.3 OK for: connect-4-react-ts@0.0.0 want: ^24.13.3
247 silly placeDep ROOT @types/react@19.2.18 OK for: connect-4-react-ts@0.0.0 want: ^19.2.17
248 silly placeDep ROOT @types/react-dom@19.2.4 OK for: connect-4-react-ts@0.0.0 want: ^19.2.3
249 silly placeDep ROOT @vitejs/plugin-react@6.1.0 OK for: connect-4-react-ts@0.0.0 want: ^6.0.4
250 silly placeDep ROOT vite@8.2.2 OK for: @vitejs/plugin-react@6.1.0 want: ^8.0.0
251 silly placeDep ROOT oxlint@1.79.0 OK for: connect-4-react-ts@0.0.0 want: ^1.75.0
252 silly placeDep ROOT react@19.2.8 OK for: connect-4-react-ts@0.0.0 want: ^19.2.8
253 silly placeDep ROOT react-dom@19.2.8 OK for: connect-4-react-ts@0.0.0 want: ^19.2.8
254 silly placeDep ROOT typescript@6.0.3 OK for: connect-4-react-ts@0.0.0 want: ~6.0.2
255 silly fetch manifest undici-types@~7.18.0
256 silly packumentCache full:https://registry.npmjs.org/undici-types cache-miss
257 silly fetch manifest csstype@^3.2.2
258 silly packumentCache full:https://registry.npmjs.org/csstype cache-miss
259 silly fetch manifest @rolldown/pluginutils@^1.0.1
260 silly packumentCache full:https://registry.npmjs.org/@rolldown%2fpluginutils cache-miss
261 silly fetch manifest postcss@^8.5.26
262 silly packumentCache full:https://registry.npmjs.org/postcss cache-miss
263 silly fetch manifest rolldown@~1.2.4
264 silly packumentCache full:https://registry.npmjs.org/rolldown cache-miss
265 silly fetch manifest picomatch@^4.0.5
266 silly packumentCache full:https://registry.npmjs.org/picomatch cache-miss
267 silly fetch manifest tinyglobby@^0.2.17
268 silly packumentCache full:https://registry.npmjs.org/tinyglobby cache-miss
269 silly fetch manifest lightningcss@^1.33.0
270 silly packumentCache full:https://registry.npmjs.org/lightningcss cache-miss
271 silly fetch manifest fsevents@~2.3.3
272 silly packumentCache full:https://registry.npmjs.org/fsevents cache-miss
273 silly fetch manifest @oxlint/binding-darwin-x64@1.79.0
274 silly packumentCache full:https://registry.npmjs.org/@oxlint%2fbinding-darwin-x64 cache-miss
275 silly fetch manifest @oxlint/binding-freebsd-x64@1.79.0
276 silly packumentCache full:https://registry.npmjs.org/@oxlint%2fbinding-freebsd-x64 cache-miss
277 http cache https://registry.npmjs.org/postcss 59ms (cache hit)
278 silly packumentCache full:https://registry.npmjs.org/postcss set size:760024 disposed:false
279 silly fetch manifest @oxlint/binding-darwin-arm64@1.79.0
280 silly packumentCache full:https://registry.npmjs.org/@oxlint%2fbinding-darwin-arm64 cache-miss
281 http cache https://registry.npmjs.org/rolldown 83ms (cache hit)
282 silly packumentCache full:https://registry.npmjs.org/rolldown set size:3795090 disposed:false
283 silly fetch manifest @oxlint/binding-android-arm64@1.79.0
284 silly packumentCache full:https://registry.npmjs.org/@oxlint%2fbinding-android-arm64 cache-miss
285 http fetch GET 200 https://registry.npmjs.org/undici-types 161ms (cache miss)
286 silly packumentCache full:https://registry.npmjs.org/undici-types set size:undefined disposed:false
287 silly fetch manifest @oxlint/binding-linux-x64-gnu@1.79.0
288 silly packumentCache full:https://registry.npmjs.org/@oxlint%2fbinding-linux-x64-gnu cache-miss
289 http fetch GET 200 https://registry.npmjs.org/tinyglobby 242ms (cache miss)
290 silly packumentCache full:https://registry.npmjs.org/tinyglobby set size:undefined disposed:false
291 silly fetch manifest @oxlint/binding-linux-x64-musl@1.79.0
292 silly packumentCache full:https://registry.npmjs.org/@oxlint%2fbinding-linux-x64-musl cache-miss
293 http fetch GET 200 https://registry.npmjs.org/@oxlint%2fbinding-darwin-arm64 182ms (cache miss)
294 silly packumentCache full:https://registry.npmjs.org/@oxlint%2fbinding-darwin-arm64 set size:undefined disposed:false
295 silly fetch manifest @oxlint/binding-win32-x64-msvc@1.79.0
296 silly packumentCache full:https://registry.npmjs.org/@oxlint%2fbinding-win32-x64-msvc cache-miss
297 http fetch GET 200 https://registry.npmjs.org/picomatch 269ms (cache miss)
298 silly packumentCache full:https://registry.npmjs.org/picomatch set size:undefined disposed:false
299 silly fetch manifest @oxlint/binding-linux-arm64-gnu@1.79.0
300 silly packumentCache full:https://registry.npmjs.org/@oxlint%2fbinding-linux-arm64-gnu cache-miss
301 http fetch GET 200 https://registry.npmjs.org/@rolldown%2fpluginutils 279ms (cache miss)
302 silly packumentCache full:https://registry.npmjs.org/@rolldown%2fpluginutils set size:undefined disposed:false
303 silly fetch manifest @oxlint/binding-linux-ppc64-gnu@1.79.0
304 silly packumentCache full:https://registry.npmjs.org/@oxlint%2fbinding-linux-ppc64-gnu cache-miss
305 http fetch GET 200 https://registry.npmjs.org/fsevents 280ms (cache miss)
306 silly packumentCache full:https://registry.npmjs.org/fsevents set size:undefined disposed:false
307 silly fetch manifest @oxlint/binding-linux-s390x-gnu@1.79.0
308 silly packumentCache full:https://registry.npmjs.org/@oxlint%2fbinding-linux-s390x-gnu cache-miss
309 http fetch GET 200 https://registry.npmjs.org/csstype 300ms (cache miss)
310 silly packumentCache full:https://registry.npmjs.org/csstype set size:undefined disposed:false
311 silly fetch manifest @oxlint/binding-win32-ia32-msvc@1.79.0
312 silly packumentCache full:https://registry.npmjs.org/@oxlint%2fbinding-win32-ia32-msvc cache-miss
313 http fetch GET 200 https://registry.npmjs.org/lightningcss 302ms (cache miss)
314 silly packumentCache full:https://registry.npmjs.org/lightningcss set size:undefined disposed:false
315 silly fetch manifest @oxlint/binding-android-arm-eabi@1.79.0
316 silly packumentCache full:https://registry.npmjs.org/@oxlint%2fbinding-android-arm-eabi cache-miss
317 http fetch GET 200 https://registry.npmjs.org/@oxlint%2fbinding-freebsd-x64 321ms (cache miss)
318 silly packumentCache full:https://registry.npmjs.org/@oxlint%2fbinding-freebsd-x64 set size:undefined disposed:false
319 silly fetch manifest @oxlint/binding-linux-arm64-musl@1.79.0
320 silly packumentCache full:https://registry.npmjs.org/@oxlint%2fbinding-linux-arm64-musl cache-miss
321 http fetch GET 200 https://registry.npmjs.org/@oxlint%2fbinding-darwin-x64 328ms (cache miss)
322 silly packumentCache full:https://registry.npmjs.org/@oxlint%2fbinding-darwin-x64 set size:undefined disposed:false
323 silly fetch manifest @oxlint/binding-win32-arm64-msvc@1.79.0
324 silly packumentCache full:https://registry.npmjs.org/@oxlint%2fbinding-win32-arm64-msvc cache-miss
325 http fetch GET 200 https://registry.npmjs.org/@oxlint%2fbinding-android-arm64 237ms (cache miss)
326 silly packumentCache full:https://registry.npmjs.org/@oxlint%2fbinding-android-arm64 set size:undefined disposed:false
327 silly fetch manifest @oxlint/binding-linux-riscv64-gnu@1.79.0
328 silly packumentCache full:https://registry.npmjs.org/@oxlint%2fbinding-linux-riscv64-gnu cache-miss
329 http fetch GET 200 https://registry.npmjs.org/@oxlint%2fbinding-linux-x64-musl 119ms (cache miss)
330 silly packumentCache full:https://registry.npmjs.org/@oxlint%2fbinding-linux-x64-musl set size:undefined disposed:false
331 silly fetch manifest @oxlint/binding-openharmony-arm64@1.79.0
332 silly packumentCache full:https://registry.npmjs.org/@oxlint%2fbinding-openharmony-arm64 cache-miss
333 http fetch GET 200 https://registry.npmjs.org/@oxlint%2fbinding-win32-x64-msvc 123ms (cache miss)
334 silly packumentCache full:https://registry.npmjs.org/@oxlint%2fbinding-win32-x64-msvc set size:undefined disposed:false
335 silly fetch manifest @oxlint/binding-linux-riscv64-musl@1.79.0
336 silly packumentCache full:https://registry.npmjs.org/@oxlint%2fbinding-linux-riscv64-musl cache-miss
337 http fetch GET 200 https://registry.npmjs.org/@oxlint%2fbinding-linux-x64-gnu 254ms (cache miss)
338 silly packumentCache full:https://registry.npmjs.org/@oxlint%2fbinding-linux-x64-gnu set size:undefined disposed:false
339 silly fetch manifest @oxlint/binding-linux-arm-gnueabihf@1.79.0
340 silly packumentCache full:https://registry.npmjs.org/@oxlint%2fbinding-linux-arm-gnueabihf cache-miss
341 http fetch GET 200 https://registry.npmjs.org/@oxlint%2fbinding-linux-ppc64-gnu 136ms (cache miss)
342 silly packumentCache full:https://registry.npmjs.org/@oxlint%2fbinding-linux-ppc64-gnu set size:undefined disposed:false
343 silly fetch manifest @oxlint/binding-linux-arm-musleabihf@1.79.0
344 silly packumentCache full:https://registry.npmjs.org/@oxlint%2fbinding-linux-arm-musleabihf cache-miss
345 http fetch GET 200 https://registry.npmjs.org/@oxlint%2fbinding-linux-s390x-gnu 143ms (cache miss)
346 silly packumentCache full:https://registry.npmjs.org/@oxlint%2fbinding-linux-s390x-gnu set size:undefined disposed:false
347 silly fetch manifest scheduler@^0.27.0
348 silly packumentCache full:https://registry.npmjs.org/scheduler cache-miss
349 http fetch GET 200 https://registry.npmjs.org/@oxlint%2fbinding-linux-arm64-gnu 159ms (cache miss)
350 silly packumentCache full:https://registry.npmjs.org/@oxlint%2fbinding-linux-arm64-gnu set size:undefined disposed:false
351 http fetch GET 200 https://registry.npmjs.org/@oxlint%2fbinding-win32-ia32-msvc 148ms (cache miss)
352 silly packumentCache full:https://registry.npmjs.org/@oxlint%2fbinding-win32-ia32-msvc set size:undefined disposed:false
353 http fetch GET 200 https://registry.npmjs.org/@oxlint%2fbinding-android-arm-eabi 143ms (cache miss)
354 silly packumentCache full:https://registry.npmjs.org/@oxlint%2fbinding-android-arm-eabi set size:undefined disposed:false
355 http fetch GET 200 https://registry.npmjs.org/@oxlint%2fbinding-linux-arm64-musl 149ms (cache miss)
356 silly packumentCache full:https://registry.npmjs.org/@oxlint%2fbinding-linux-arm64-musl set size:undefined disposed:false
357 http fetch GET 200 https://registry.npmjs.org/@oxlint%2fbinding-win32-arm64-msvc 148ms (cache miss)
358 silly packumentCache full:https://registry.npmjs.org/@oxlint%2fbinding-win32-arm64-msvc set size:undefined disposed:false
359 http fetch GET 200 https://registry.npmjs.org/@oxlint%2fbinding-linux-riscv64-gnu 137ms (cache miss)
360 silly packumentCache full:https://registry.npmjs.org/@oxlint%2fbinding-linux-riscv64-gnu set size:undefined disposed:false
361 http fetch GET 200 https://registry.npmjs.org/@oxlint%2fbinding-linux-riscv64-musl 134ms (cache miss)
362 silly packumentCache full:https://registry.npmjs.org/@oxlint%2fbinding-linux-riscv64-musl set size:undefined disposed:false
363 http fetch GET 200 https://registry.npmjs.org/@oxlint%2fbinding-openharmony-arm64 147ms (cache miss)
364 silly packumentCache full:https://registry.npmjs.org/@oxlint%2fbinding-openharmony-arm64 set size:undefined disposed:false
365 http fetch GET 200 https://registry.npmjs.org/@oxlint%2fbinding-linux-arm-gnueabihf 168ms (cache miss)
366 silly packumentCache full:https://registry.npmjs.org/@oxlint%2fbinding-linux-arm-gnueabihf set size:undefined disposed:false
367 http fetch GET 200 https://registry.npmjs.org/@oxlint%2fbinding-linux-arm-musleabihf 213ms (cache miss)
368 silly packumentCache full:https://registry.npmjs.org/@oxlint%2fbinding-linux-arm-musleabihf set size:undefined disposed:false
369 http fetch GET 200 https://registry.npmjs.org/scheduler 552ms (cache miss)
370 silly packumentCache full:https://registry.npmjs.org/scheduler set size:undefined disposed:false
371 silly placeDep ROOT undici-types@7.18.2 OK for: @types/node@24.13.3 want: ~7.18.0
372 silly placeDep ROOT csstype@3.2.3 OK for: @types/react@19.2.18 want: ^3.2.2
373 silly placeDep ROOT @rolldown/pluginutils@1.0.1 OK for: @vitejs/plugin-react@6.1.0 want: ^1.0.1
374 silly placeDep ROOT @oxlint/binding-android-arm-eabi@1.79.0 OK for: oxlint@1.79.0 want: 1.79.0
375 silly placeDep ROOT @oxlint/binding-android-arm64@1.79.0 OK for: oxlint@1.79.0 want: 1.79.0
376 silly placeDep ROOT @oxlint/binding-darwin-arm64@1.79.0 OK for: oxlint@1.79.0 want: 1.79.0
377 silly placeDep ROOT @oxlint/binding-darwin-x64@1.79.0 OK for: oxlint@1.79.0 want: 1.79.0
378 silly placeDep ROOT @oxlint/binding-freebsd-x64@1.79.0 OK for: oxlint@1.79.0 want: 1.79.0
379 silly placeDep ROOT @oxlint/binding-linux-arm-gnueabihf@1.79.0 OK for: oxlint@1.79.0 want: 1.79.0
380 silly placeDep ROOT @oxlint/binding-linux-arm-musleabihf@1.79.0 OK for: oxlint@1.79.0 want: 1.79.0
381 silly placeDep ROOT @oxlint/binding-linux-arm64-gnu@1.79.0 OK for: oxlint@1.79.0 want: 1.79.0
382 silly placeDep ROOT @oxlint/binding-linux-arm64-musl@1.79.0 OK for: oxlint@1.79.0 want: 1.79.0
383 silly placeDep ROOT @oxlint/binding-linux-ppc64-gnu@1.79.0 OK for: oxlint@1.79.0 want: 1.79.0
384 silly placeDep ROOT @oxlint/binding-linux-riscv64-gnu@1.79.0 OK for: oxlint@1.79.0 want: 1.79.0
385 silly placeDep ROOT @oxlint/binding-linux-riscv64-musl@1.79.0 OK for: oxlint@1.79.0 want: 1.79.0
386 silly placeDep ROOT @oxlint/binding-linux-s390x-gnu@1.79.0 OK for: oxlint@1.79.0 want: 1.79.0
387 silly placeDep ROOT @oxlint/binding-linux-x64-gnu@1.79.0 OK for: oxlint@1.79.0 want: 1.79.0
388 silly placeDep ROOT @oxlint/binding-linux-x64-musl@1.79.0 OK for: oxlint@1.79.0 want: 1.79.0
389 silly placeDep ROOT @oxlint/binding-openharmony-arm64@1.79.0 OK for: oxlint@1.79.0 want: 1.79.0
390 silly placeDep ROOT @oxlint/binding-win32-arm64-msvc@1.79.0 OK for: oxlint@1.79.0 want: 1.79.0
391 silly placeDep ROOT @oxlint/binding-win32-ia32-msvc@1.79.0 OK for: oxlint@1.79.0 want: 1.79.0
392 silly placeDep ROOT @oxlint/binding-win32-x64-msvc@1.79.0 OK for: oxlint@1.79.0 want: 1.79.0
393 silly placeDep ROOT scheduler@0.27.0 OK for: react-dom@19.2.8 want: ^0.27.0
394 silly placeDep ROOT fsevents@2.3.3 OK for: vite@8.2.2 want: ~2.3.3
395 silly placeDep ROOT lightningcss@1.33.0 OK for: vite@8.2.2 want: ^1.33.0
396 silly placeDep ROOT picomatch@4.0.5 OK for: vite@8.2.2 want: ^4.0.5
397 silly placeDep ROOT postcss@8.5.26 OK for: vite@8.2.2 want: ^8.5.26
398 silly placeDep ROOT rolldown@1.2.5 OK for: vite@8.2.2 want: ~1.2.4
399 silly placeDep ROOT tinyglobby@0.2.17 OK for: vite@8.2.2 want: ^0.2.17
400 silly fetch manifest detect-libc@^2.0.3
401 silly packumentCache full:https://registry.npmjs.org/detect-libc cache-miss
402 silly fetch manifest lightningcss-darwin-x64@1.33.0
403 silly packumentCache full:https://registry.npmjs.org/lightningcss-darwin-x64 cache-miss
404 silly fetch manifest lightningcss-linux-x64-gnu@1.33.0
405 silly packumentCache full:https://registry.npmjs.org/lightningcss-linux-x64-gnu cache-miss
406 silly fetch manifest lightningcss-win32-x64-msvc@1.33.0
407 silly packumentCache full:https://registry.npmjs.org/lightningcss-win32-x64-msvc cache-miss
408 silly fetch manifest lightningcss-win32-arm64-msvc@1.33.0
409 silly packumentCache full:https://registry.npmjs.org/lightningcss-win32-arm64-msvc cache-miss
410 silly fetch manifest lightningcss-darwin-arm64@1.33.0
411 silly packumentCache full:https://registry.npmjs.org/lightningcss-darwin-arm64 cache-miss
412 silly fetch manifest lightningcss-linux-arm64-gnu@1.33.0
413 silly packumentCache full:https://registry.npmjs.org/lightningcss-linux-arm64-gnu cache-miss
414 silly fetch manifest lightningcss-linux-arm-gnueabihf@1.33.0
415 silly packumentCache full:https://registry.npmjs.org/lightningcss-linux-arm-gnueabihf cache-miss
416 silly fetch manifest lightningcss-linux-arm64-musl@1.33.0
417 silly packumentCache full:https://registry.npmjs.org/lightningcss-linux-arm64-musl cache-miss
418 silly fetch manifest lightningcss-linux-x64-musl@1.33.0
419 silly packumentCache full:https://registry.npmjs.org/lightningcss-linux-x64-musl cache-miss
420 silly fetch manifest lightningcss-freebsd-x64@1.33.0
421 silly packumentCache full:https://registry.npmjs.org/lightningcss-freebsd-x64 cache-miss
422 http fetch GET 200 https://registry.npmjs.org/detect-libc 100ms (cache miss)
423 silly packumentCache full:https://registry.npmjs.org/detect-libc set size:undefined disposed:false
424 silly fetch manifest lightningcss-android-arm64@1.33.0
425 silly packumentCache full:https://registry.npmjs.org/lightningcss-android-arm64 cache-miss
426 http fetch GET 200 https://registry.npmjs.org/lightningcss-linux-arm-gnueabihf 127ms (cache miss)
427 silly packumentCache full:https://registry.npmjs.org/lightningcss-linux-arm-gnueabihf set size:undefined disposed:false
428 silly fetch manifest nanoid@^3.3.17
429 silly packumentCache full:https://registry.npmjs.org/nanoid cache-miss
430 http fetch GET 200 https://registry.npmjs.org/lightningcss-win32-arm64-msvc 138ms (cache miss)
431 silly packumentCache full:https://registry.npmjs.org/lightningcss-win32-arm64-msvc set size:undefined disposed:false
432 silly fetch manifest picocolors@^1.1.1
433 silly packumentCache full:https://registry.npmjs.org/picocolors cache-miss
434 http fetch GET 200 https://registry.npmjs.org/lightningcss-freebsd-x64 135ms (cache miss)
435 silly packumentCache full:https://registry.npmjs.org/lightningcss-freebsd-x64 set size:undefined disposed:false
436 silly fetch manifest source-map-js@^1.2.1
437 silly packumentCache full:https://registry.npmjs.org/source-map-js cache-miss
438 http fetch GET 200 https://registry.npmjs.org/lightningcss-linux-x64-gnu 155ms (cache miss)
439 silly packumentCache full:https://registry.npmjs.org/lightningcss-linux-x64-gnu set size:undefined disposed:false
440 silly fetch manifest @oxc-project/types@=0.146.0
441 silly packumentCache full:https://registry.npmjs.org/@oxc-project%2ftypes cache-miss
442 http fetch GET 200 https://registry.npmjs.org/lightningcss-darwin-x64 164ms (cache miss)
443 silly packumentCache full:https://registry.npmjs.org/lightningcss-darwin-x64 set size:undefined disposed:false
444 silly fetch manifest @rolldown/binding-darwin-x64@1.2.5
445 silly packumentCache full:https://registry.npmjs.org/@rolldown%2fbinding-darwin-x64 cache-miss
446 http fetch GET 200 https://registry.npmjs.org/lightningcss-linux-arm64-gnu 166ms (cache miss)
447 silly packumentCache full:https://registry.npmjs.org/lightningcss-linux-arm64-gnu set size:undefined disposed:false
448 silly fetch manifest @rolldown/binding-freebsd-x64@1.2.5
449 silly packumentCache full:https://registry.npmjs.org/@rolldown%2fbinding-freebsd-x64 cache-miss
450 http fetch GET 200 https://registry.npmjs.org/lightningcss-darwin-arm64 184ms (cache miss)
451 silly packumentCache full:https://registry.npmjs.org/lightningcss-darwin-arm64 set size:undefined disposed:false
452 silly fetch manifest @rolldown/binding-darwin-arm64@1.2.5
453 silly packumentCache full:https://registry.npmjs.org/@rolldown%2fbinding-darwin-arm64 cache-miss
454 http fetch GET 200 https://registry.npmjs.org/lightningcss-win32-x64-msvc 193ms (cache miss)
455 silly packumentCache full:https://registry.npmjs.org/lightningcss-win32-x64-msvc set size:undefined disposed:false
456 silly fetch manifest @rolldown/binding-android-arm64@1.2.5
457 silly packumentCache full:https://registry.npmjs.org/@rolldown%2fbinding-android-arm64 cache-miss
458 http fetch GET 200 https://registry.npmjs.org/lightningcss-linux-arm64-musl 194ms (cache miss)
459 silly packumentCache full:https://registry.npmjs.org/lightningcss-linux-arm64-musl set size:undefined disposed:false
460 silly fetch manifest @rolldown/binding-linux-x64-gnu@1.2.5
461 silly packumentCache full:https://registry.npmjs.org/@rolldown%2fbinding-linux-x64-gnu cache-miss
462 http fetch GET 200 https://registry.npmjs.org/lightningcss-linux-x64-musl 202ms (cache miss)
463 silly packumentCache full:https://registry.npmjs.org/lightningcss-linux-x64-musl set size:undefined disposed:false
464 silly fetch manifest @rolldown/binding-linux-x64-musl@1.2.5
465 silly packumentCache full:https://registry.npmjs.org/@rolldown%2fbinding-linux-x64-musl cache-miss
466 http fetch GET 200 https://registry.npmjs.org/lightningcss-android-arm64 128ms (cache miss)
467 silly packumentCache full:https://registry.npmjs.org/lightningcss-android-arm64 set size:undefined disposed:false
468 silly fetch manifest @rolldown/binding-win32-x64-msvc@1.2.5
469 silly packumentCache full:https://registry.npmjs.org/@rolldown%2fbinding-win32-x64-msvc cache-miss
470 http fetch GET 200 https://registry.npmjs.org/picocolors 122ms (cache miss)
471 silly packumentCache full:https://registry.npmjs.org/picocolors set size:undefined disposed:false
472 silly fetch manifest @rolldown/binding-linux-arm64-gnu@1.2.5
473 silly packumentCache full:https://registry.npmjs.org/@rolldown%2fbinding-linux-arm64-gnu cache-miss
474 http fetch GET 200 https://registry.npmjs.org/source-map-js 159ms (cache miss)
475 silly packumentCache full:https://registry.npmjs.org/source-map-js set size:undefined disposed:false
476 silly fetch manifest @rolldown/binding-linux-ppc64-gnu@1.2.5
477 silly packumentCache full:https://registry.npmjs.org/@rolldown%2fbinding-linux-ppc64-gnu cache-miss
478 http fetch GET 200 https://registry.npmjs.org/@oxc-project%2ftypes 214ms (cache miss)
479 silly packumentCache full:https://registry.npmjs.org/@oxc-project%2ftypes set size:undefined disposed:false
480 silly fetch manifest @rolldown/binding-linux-s390x-gnu@1.2.5
481 silly packumentCache full:https://registry.npmjs.org/@rolldown%2fbinding-linux-s390x-gnu cache-miss
482 http fetch GET 200 https://registry.npmjs.org/@rolldown%2fbinding-android-arm64 191ms (cache miss)
483 silly packumentCache full:https://registry.npmjs.org/@rolldown%2fbinding-android-arm64 set size:undefined disposed:false
484 silly fetch manifest @rolldown/binding-android-arm-eabi@1.2.5
485 silly packumentCache full:https://registry.npmjs.org/@rolldown%2fbinding-android-arm-eabi cache-miss
486 http fetch GET 200 https://registry.npmjs.org/nanoid 272ms (cache miss)
487 silly packumentCache full:https://registry.npmjs.org/nanoid set size:undefined disposed:false
488 silly fetch manifest @rolldown/binding-linux-arm64-musl@1.2.5
489 silly packumentCache full:https://registry.npmjs.org/@rolldown%2fbinding-linux-arm64-musl cache-miss
490 http fetch GET 200 https://registry.npmjs.org/@rolldown%2fbinding-linux-ppc64-gnu 129ms (cache miss)
491 silly packumentCache full:https://registry.npmjs.org/@rolldown%2fbinding-linux-ppc64-gnu set size:undefined disposed:false
492 silly fetch manifest @rolldown/binding-win32-arm64-msvc@1.2.5
493 silly packumentCache full:https://registry.npmjs.org/@rolldown%2fbinding-win32-arm64-msvc cache-miss
494 http fetch GET 200 https://registry.npmjs.org/@rolldown%2fbinding-linux-s390x-gnu 88ms (cache miss)
495 silly packumentCache full:https://registry.npmjs.org/@rolldown%2fbinding-linux-s390x-gnu set size:undefined disposed:false
496 silly fetch manifest @rolldown/binding-openharmony-arm64@1.2.5
497 silly packumentCache full:https://registry.npmjs.org/@rolldown%2fbinding-openharmony-arm64 cache-miss
498 http fetch GET 200 https://registry.npmjs.org/@rolldown%2fbinding-android-arm-eabi 128ms (cache miss)
499 silly packumentCache full:https://registry.npmjs.org/@rolldown%2fbinding-android-arm-eabi set size:undefined disposed:false
500 silly fetch manifest @rolldown/binding-linux-arm-gnueabihf@1.2.5
501 silly packumentCache full:https://registry.npmjs.org/@rolldown%2fbinding-linux-arm-gnueabihf cache-miss
502 http fetch GET 200 https://registry.npmjs.org/@rolldown%2fbinding-freebsd-x64 385ms (cache miss)
503 silly packumentCache full:https://registry.npmjs.org/@rolldown%2fbinding-freebsd-x64 set size:undefined disposed:false
504 silly fetch manifest fdir@^6.5.0
505 silly packumentCache full:https://registry.npmjs.org/fdir cache-miss
506 http fetch GET 200 https://registry.npmjs.org/@rolldown%2fbinding-openharmony-arm64 152ms (cache miss)
507 silly packumentCache full:https://registry.npmjs.org/@rolldown%2fbinding-openharmony-arm64 set size:undefined disposed:false
508 http fetch GET 200 https://registry.npmjs.org/@rolldown%2fbinding-darwin-x64 484ms (cache miss)
509 silly packumentCache full:https://registry.npmjs.org/@rolldown%2fbinding-darwin-x64 set size:undefined disposed:false
510 http fetch GET 200 https://registry.npmjs.org/fdir 101ms (cache miss)
511 silly packumentCache full:https://registry.npmjs.org/fdir set size:undefined disposed:false
512 http fetch GET 200 https://registry.npmjs.org/@rolldown%2fbinding-linux-x64-musl 463ms (cache miss)
513 silly packumentCache full:https://registry.npmjs.org/@rolldown%2fbinding-linux-x64-musl set size:undefined disposed:false
514 http fetch GET 200 https://registry.npmjs.org/@rolldown%2fbinding-win32-x64-msvc 464ms (cache miss)
515 silly packumentCache full:https://registry.npmjs.org/@rolldown%2fbinding-win32-x64-msvc set size:undefined disposed:false
516 http fetch GET 200 https://registry.npmjs.org/@rolldown%2fbinding-darwin-arm64 516ms (cache miss)
517 silly packumentCache full:https://registry.npmjs.org/@rolldown%2fbinding-darwin-arm64 set size:undefined disposed:false
518 http fetch GET 200 https://registry.npmjs.org/@rolldown%2fbinding-linux-x64-gnu 511ms (cache miss)
519 silly packumentCache full:https://registry.npmjs.org/@rolldown%2fbinding-linux-x64-gnu set size:undefined disposed:false
520 http fetch GET 200 https://registry.npmjs.org/@rolldown%2fbinding-linux-arm64-gnu 444ms (cache miss)
521 silly packumentCache full:https://registry.npmjs.org/@rolldown%2fbinding-linux-arm64-gnu set size:undefined disposed:false
522 http fetch GET 200 https://registry.npmjs.org/@rolldown%2fbinding-linux-arm64-musl 355ms (cache miss)
523 silly packumentCache full:https://registry.npmjs.org/@rolldown%2fbinding-linux-arm64-musl set size:undefined disposed:false
524 http fetch GET 200 https://registry.npmjs.org/@rolldown%2fbinding-win32-arm64-msvc 347ms (cache miss)
525 silly packumentCache full:https://registry.npmjs.org/@rolldown%2fbinding-win32-arm64-msvc set size:undefined disposed:false
526 http fetch GET 200 https://registry.npmjs.org/@rolldown%2fbinding-linux-arm-gnueabihf 285ms (cache miss)
527 silly packumentCache full:https://registry.npmjs.org/@rolldown%2fbinding-linux-arm-gnueabihf set size:undefined disposed:false
528 silly placeDep ROOT detect-libc@2.1.2 OK for: lightningcss@1.33.0 want: ^2.0.3
529 silly placeDep ROOT lightningcss-android-arm64@1.33.0 OK for: lightningcss@1.33.0 want: 1.33.0
530 silly placeDep ROOT lightningcss-darwin-arm64@1.33.0 OK for: lightningcss@1.33.0 want: 1.33.0
531 silly placeDep ROOT lightningcss-darwin-x64@1.33.0 OK for: lightningcss@1.33.0 want: 1.33.0
532 silly placeDep ROOT lightningcss-freebsd-x64@1.33.0 OK for: lightningcss@1.33.0 want: 1.33.0
533 silly placeDep ROOT lightningcss-linux-arm-gnueabihf@1.33.0 OK for: lightningcss@1.33.0 want: 1.33.0
534 silly placeDep ROOT lightningcss-linux-arm64-gnu@1.33.0 OK for: lightningcss@1.33.0 want: 1.33.0
535 silly placeDep ROOT lightningcss-linux-arm64-musl@1.33.0 OK for: lightningcss@1.33.0 want: 1.33.0
536 silly placeDep ROOT lightningcss-linux-x64-gnu@1.33.0 OK for: lightningcss@1.33.0 want: 1.33.0
537 silly placeDep ROOT lightningcss-linux-x64-musl@1.33.0 OK for: lightningcss@1.33.0 want: 1.33.0
538 silly placeDep ROOT lightningcss-win32-arm64-msvc@1.33.0 OK for: lightningcss@1.33.0 want: 1.33.0
539 silly placeDep ROOT lightningcss-win32-x64-msvc@1.33.0 OK for: lightningcss@1.33.0 want: 1.33.0
540 silly placeDep ROOT nanoid@3.3.18 OK for: postcss@8.5.26 want: ^3.3.17
541 silly placeDep ROOT picocolors@1.1.1 OK for: postcss@8.5.26 want: ^1.1.1
542 silly placeDep ROOT source-map-js@1.2.1 OK for: postcss@8.5.26 want: ^1.2.1
543 silly placeDep ROOT @oxc-project/types@0.146.0 OK for: rolldown@1.2.5 want: =0.146.0
544 silly placeDep ROOT @rolldown/binding-android-arm-eabi@1.2.5 OK for: rolldown@1.2.5 want: 1.2.5
545 silly placeDep ROOT @rolldown/binding-android-arm64@1.2.5 OK for: rolldown@1.2.5 want: 1.2.5
546 silly placeDep ROOT @rolldown/binding-darwin-arm64@1.2.5 OK for: rolldown@1.2.5 want: 1.2.5
547 silly placeDep ROOT @rolldown/binding-darwin-x64@1.2.5 OK for: rolldown@1.2.5 want: 1.2.5
548 silly placeDep ROOT @rolldown/binding-freebsd-x64@1.2.5 OK for: rolldown@1.2.5 want: 1.2.5
549 silly placeDep ROOT @rolldown/binding-linux-arm-gnueabihf@1.2.5 OK for: rolldown@1.2.5 want: 1.2.5
550 silly placeDep ROOT @rolldown/binding-linux-arm64-gnu@1.2.5 OK for: rolldown@1.2.5 want: 1.2.5
551 silly placeDep ROOT @rolldown/binding-linux-arm64-musl@1.2.5 OK for: rolldown@1.2.5 want: 1.2.5
552 silly placeDep ROOT @rolldown/binding-linux-ppc64-gnu@1.2.5 OK for: rolldown@1.2.5 want: 1.2.5
553 silly placeDep ROOT @rolldown/binding-linux-s390x-gnu@1.2.5 OK for: rolldown@1.2.5 want: 1.2.5
554 silly placeDep ROOT @rolldown/binding-linux-x64-gnu@1.2.5 OK for: rolldown@1.2.5 want: 1.2.5
555 silly placeDep ROOT @rolldown/binding-linux-x64-musl@1.2.5 OK for: rolldown@1.2.5 want: 1.2.5
556 silly placeDep ROOT @rolldown/binding-openharmony-arm64@1.2.5 OK for: rolldown@1.2.5 want: 1.2.5
557 silly placeDep ROOT @rolldown/binding-win32-arm64-msvc@1.2.5 OK for: rolldown@1.2.5 want: 1.2.5
558 silly placeDep ROOT @rolldown/binding-win32-x64-msvc@1.2.5 OK for: rolldown@1.2.5 want: 1.2.5
559 silly fetch manifest picomatch@^4.0.4
560 silly packumentCache full:https://registry.npmjs.org/picomatch cache-miss
561 http cache https://registry.npmjs.org/picomatch 17ms (cache hit)
562 silly packumentCache full:https://registry.npmjs.org/picomatch set size:128942 disposed:false
563 silly placeDep ROOT fdir@6.5.0 OK for: tinyglobby@0.2.17 want: ^6.5.0
564 silly reify moves {}
565 silly audit bulk request {
565 silly audit   '@types/node': [ '24.13.3' ],
565 silly audit   '@types/react': [ '19.2.18' ],
565 silly audit   '@types/react-dom': [ '19.2.4' ],
565 silly audit   '@vitejs/plugin-react': [ '6.1.0' ],
565 silly audit   vite: [ '8.2.2' ],
565 silly audit   oxlint: [ '1.79.0' ],
565 silly audit   react: [ '19.2.8' ],
565 silly audit   'react-dom': [ '19.2.8' ],
565 silly audit   typescript: [ '6.0.3' ],
565 silly audit   'undici-types': [ '7.18.2' ],
565 silly audit   csstype: [ '3.2.3' ],
565 silly audit   '@rolldown/pluginutils': [ '1.0.1' ],
565 silly audit   '@oxlint/binding-android-arm-eabi': [ '1.79.0' ],
565 silly audit   '@oxlint/binding-android-arm64': [ '1.79.0' ],
565 silly audit   '@oxlint/binding-darwin-arm64': [ '1.79.0' ],
565 silly audit   '@oxlint/binding-darwin-x64': [ '1.79.0' ],
565 silly audit   '@oxlint/binding-freebsd-x64': [ '1.79.0' ],
565 silly audit   '@oxlint/binding-linux-arm-gnueabihf': [ '1.79.0' ],
565 silly audit   '@oxlint/binding-linux-arm-musleabihf': [ '1.79.0' ],
565 silly audit   '@oxlint/binding-linux-arm64-gnu': [ '1.79.0' ],
565 silly audit   '@oxlint/binding-linux-arm64-musl': [ '1.79.0' ],
565 silly audit   '@oxlint/binding-linux-ppc64-gnu': [ '1.79.0' ],
565 silly audit   '@oxlint/binding-linux-riscv64-gnu': [ '1.79.0' ],
565 silly audit   '@oxlint/binding-linux-riscv64-musl': [ '1.79.0' ],
565 silly audit   '@oxlint/binding-linux-s390x-gnu': [ '1.79.0' ],
565 silly audit   '@oxlint/binding-linux-x64-gnu': [ '1.79.0' ],
565 silly audit   '@oxlint/binding-linux-x64-musl': [ '1.79.0' ],
565 silly audit   '@oxlint/binding-openharmony-arm64': [ '1.79.0' ],
565 silly audit   '@oxlint/binding-win32-arm64-msvc': [ '1.79.0' ],
565 silly audit   '@oxlint/binding-win32-ia32-msvc': [ '1.79.0' ],
565 silly audit   '@oxlint/binding-win32-x64-msvc': [ '1.79.0' ],
565 silly audit   scheduler: [ '0.27.0' ],
565 silly audit   fsevents: [ '2.3.3' ],
565 silly audit   lightningcss: [ '1.33.0' ],
565 silly audit   picomatch: [ '4.0.5' ],
565 silly audit   postcss: [ '8.5.26' ],
565 silly audit   rolldown: [ '1.2.5' ],
565 silly audit   tinyglobby: [ '0.2.17' ],
565 silly audit   'detect-libc': [ '2.1.2' ],
565 silly audit   'lightningcss-android-arm64': [ '1.33.0' ],
565 silly audit   'lightningcss-darwin-arm64': [ '1.33.0' ],
565 silly audit   'lightningcss-darwin-x64': [ '1.33.0' ],
565 silly audit   'lightningcss-freebsd-x64': [ '1.33.0' ],
565 silly audit   'lightningcss-linux-arm-gnueabihf': [ '1.33.0' ],
565 silly audit   'lightningcss-linux-arm64-gnu': [ '1.33.0' ],
565 silly audit   'lightningcss-linux-arm64-musl': [ '1.33.0' ],
565 silly audit   'lightningcss-linux-x64-gnu': [ '1.33.0' ],
565 silly audit   'lightningcss-linux-x64-musl': [ '1.33.0' ],
565 silly audit   'lightningcss-win32-arm64-msvc': [ '1.33.0' ],
565 silly audit   'lightningcss-win32-x64-msvc': [ '1.33.0' ],
565 silly audit   nanoid: [ '3.3.18' ],
565 silly audit   picocolors: [ '1.1.1' ],
565 silly audit   'source-map-js': [ '1.2.1' ],
565 silly audit   '@oxc-project/types': [ '0.146.0' ],
565 silly audit   '@rolldown/binding-android-arm-eabi': [ '1.2.5' ],
565 silly audit   '@rolldown/binding-android-arm64': [ '1.2.5' ],
565 silly audit   '@rolldown/binding-darwin-arm64': [ '1.2.5' ],
565 silly audit   '@rolldown/binding-darwin-x64': [ '1.2.5' ],
565 silly audit   '@rolldown/binding-freebsd-x64': [ '1.2.5' ],
565 silly audit   '@rolldown/binding-linux-arm-gnueabihf': [ '1.2.5' ],
565 silly audit   '@rolldown/binding-linux-arm64-gnu': [ '1.2.5' ],
565 silly audit   '@rolldown/binding-linux-arm64-musl': [ '1.2.5' ],
565 silly audit   '@rolldown/binding-linux-ppc64-gnu': [ '1.2.5' ],
565 silly audit   '@rolldown/binding-linux-s390x-gnu': [ '1.2.5' ],
565 silly audit   '@rolldown/binding-linux-x64-gnu': [ '1.2.5' ],
565 silly audit   '@rolldown/binding-linux-x64-musl': [ '1.2.5' ],
565 silly audit   '@rolldown/binding-openharmony-arm64': [ '1.2.5' ],
565 silly audit   '@rolldown/binding-win32-arm64-msvc': [ '1.2.5' ],
565 silly audit   '@rolldown/binding-win32-x64-msvc': [ '1.2.5' ],
565 silly audit   fdir: [ '6.5.0' ]
565 silly audit }
566 http cache fdir@https://registry.npmjs.org/fdir/-/fdir-6.5.0.tgz 0ms (cache hit)
567 http cache @oxc-project/types@https://registry.npmjs.org/@oxc-project/types/-/types-0.146.0.tgz 0ms (cache hit)
568 http cache @rolldown/binding-linux-x64-gnu@https://registry.npmjs.org/@rolldown/binding-linux-x64-gnu/-/binding-linux-x64-gnu-1.2.5.tgz 0ms (cache hit)
569 http cache source-map-js@https://registry.npmjs.org/source-map-js/-/source-map-js-1.2.1.tgz 0ms (cache hit)
570 http cache lightningcss-linux-x64-gnu@https://registry.npmjs.org/lightningcss-linux-x64-gnu/-/lightningcss-linux-x64-gnu-1.33.0.tgz 0ms (cache hit)
571 http cache picocolors@https://registry.npmjs.org/picocolors/-/picocolors-1.1.1.tgz 0ms (cache hit)
572 http cache nanoid@https://registry.npmjs.org/nanoid/-/nanoid-3.3.18.tgz 0ms (cache hit)
573 http cache postcss@https://registry.npmjs.org/postcss/-/postcss-8.5.26.tgz 0ms (cache hit)
574 http cache detect-libc@https://registry.npmjs.org/detect-libc/-/detect-libc-2.1.2.tgz 0ms (cache hit)
575 http cache lightningcss@https://registry.npmjs.org/lightningcss/-/lightningcss-1.33.0.tgz 0ms (cache hit)
576 http cache scheduler@https://registry.npmjs.org/scheduler/-/scheduler-0.27.0.tgz 0ms (cache hit)
577 http cache tinyglobby@https://registry.npmjs.org/tinyglobby/-/tinyglobby-0.2.17.tgz 0ms (cache hit)
578 http cache @oxlint/binding-linux-x64-gnu@https://registry.npmjs.org/@oxlint/binding-linux-x64-gnu/-/binding-linux-x64-gnu-1.79.0.tgz 0ms (cache hit)
579 http cache rolldown@https://registry.npmjs.org/rolldown/-/rolldown-1.2.5.tgz 0ms (cache hit)
580 http cache @rolldown/pluginutils@https://registry.npmjs.org/@rolldown/pluginutils/-/pluginutils-1.0.1.tgz 0ms (cache hit)
581 http cache react-dom@https://registry.npmjs.org/react-dom/-/react-dom-19.2.8.tgz 0ms (cache hit)
582 http cache picomatch@https://registry.npmjs.org/picomatch/-/picomatch-4.0.5.tgz 0ms (cache hit)
583 http cache csstype@https://registry.npmjs.org/csstype/-/csstype-3.2.3.tgz 0ms (cache hit)
584 http cache react@https://registry.npmjs.org/react/-/react-19.2.8.tgz 0ms (cache hit)
585 http cache vite@https://registry.npmjs.org/vite/-/vite-8.2.2.tgz 0ms (cache hit)
586 http cache @vitejs/plugin-react@https://registry.npmjs.org/@vitejs/plugin-react/-/plugin-react-6.1.0.tgz 0ms (cache hit)
587 http cache undici-types@https://registry.npmjs.org/undici-types/-/undici-types-7.18.2.tgz 0ms (cache hit)
588 silly tarball no local data for fdir@https://registry.npmjs.org/fdir/-/fdir-6.5.0.tgz. Extracting by manifest.
589 http cache typescript@https://registry.npmjs.org/typescript/-/typescript-6.0.3.tgz 0ms (cache hit)
590 silly tarball no local data for @oxc-project/types@https://registry.npmjs.org/@oxc-project/types/-/types-0.146.0.tgz. Extracting by manifest.
591 http cache oxlint@https://registry.npmjs.org/oxlint/-/oxlint-1.79.0.tgz 0ms (cache hit)
592 silly tarball no local data for @rolldown/binding-linux-x64-gnu@https://registry.npmjs.org/@rolldown/binding-linux-x64-gnu/-/binding-linux-x64-gnu-1.2.5.tgz. Extracting by manifest.
593 http cache @types/react-dom@https://registry.npmjs.org/@types/react-dom/-/react-dom-19.2.4.tgz 0ms (cache hit)
594 silly tarball no local data for source-map-js@https://registry.npmjs.org/source-map-js/-/source-map-js-1.2.1.tgz. Extracting by manifest.
595 silly tarball no local data for lightningcss-linux-x64-gnu@https://registry.npmjs.org/lightningcss-linux-x64-gnu/-/lightningcss-linux-x64-gnu-1.33.0.tgz. Extracting by manifest.
596 http cache @types/react@https://registry.npmjs.org/@types/react/-/react-19.2.18.tgz 0ms (cache hit)
597 silly tarball no local data for picocolors@https://registry.npmjs.org/picocolors/-/picocolors-1.1.1.tgz. Extracting by manifest.
598 silly tarball no local data for nanoid@https://registry.npmjs.org/nanoid/-/nanoid-3.3.18.tgz. Extracting by manifest.
599 silly tarball no local data for postcss@https://registry.npmjs.org/postcss/-/postcss-8.5.26.tgz. Extracting by manifest.
600 silly tarball no local data for detect-libc@https://registry.npmjs.org/detect-libc/-/detect-libc-2.1.2.tgz. Extracting by manifest.
601 http cache @types/node@https://registry.npmjs.org/@types/node/-/node-24.13.3.tgz 0ms (cache hit)
602 silly tarball no local data for lightningcss@https://registry.npmjs.org/lightningcss/-/lightningcss-1.33.0.tgz. Extracting by manifest.
603 silly tarball no local data for scheduler@https://registry.npmjs.org/scheduler/-/scheduler-0.27.0.tgz. Extracting by manifest.
604 silly tarball no local data for tinyglobby@https://registry.npmjs.org/tinyglobby/-/tinyglobby-0.2.17.tgz. Extracting by manifest.
605 silly tarball no local data for @oxlint/binding-linux-x64-gnu@https://registry.npmjs.org/@oxlint/binding-linux-x64-gnu/-/binding-linux-x64-gnu-1.79.0.tgz. Extracting by manifest.
606 silly tarball no local data for rolldown@https://registry.npmjs.org/rolldown/-/rolldown-1.2.5.tgz. Extracting by manifest.
607 silly tarball no local data for @rolldown/pluginutils@https://registry.npmjs.org/@rolldown/pluginutils/-/pluginutils-1.0.1.tgz. Extracting by manifest.
608 silly tarball no local data for react-dom@https://registry.npmjs.org/react-dom/-/react-dom-19.2.8.tgz. Extracting by manifest.
609 silly tarball no local data for picomatch@https://registry.npmjs.org/picomatch/-/picomatch-4.0.5.tgz. Extracting by manifest.
610 silly tarball no local data for csstype@https://registry.npmjs.org/csstype/-/csstype-3.2.3.tgz. Extracting by manifest.
611 silly tarball no local data for react@https://registry.npmjs.org/react/-/react-19.2.8.tgz. Extracting by manifest.
612 silly tarball no local data for vite@https://registry.npmjs.org/vite/-/vite-8.2.2.tgz. Extracting by manifest.
613 silly tarball no local data for @vitejs/plugin-react@https://registry.npmjs.org/@vitejs/plugin-react/-/plugin-react-6.1.0.tgz. Extracting by manifest.
614 silly tarball no local data for undici-types@https://registry.npmjs.org/undici-types/-/undici-types-7.18.2.tgz. Extracting by manifest.
615 silly tarball no local data for typescript@https://registry.npmjs.org/typescript/-/typescript-6.0.3.tgz. Extracting by manifest.
616 silly tarball no local data for oxlint@https://registry.npmjs.org/oxlint/-/oxlint-1.79.0.tgz. Extracting by manifest.
617 silly tarball no local data for @types/react-dom@https://registry.npmjs.org/@types/react-dom/-/react-dom-19.2.4.tgz. Extracting by manifest.
618 silly tarball no local data for @types/react@https://registry.npmjs.org/@types/react/-/react-19.2.18.tgz. Extracting by manifest.
619 silly tarball no local data for @types/node@https://registry.npmjs.org/@types/node/-/node-24.13.3.tgz. Extracting by manifest.
620 http fetch POST 200 https://registry.npmjs.org/-/npm/v1/security/advisories/bulk 139ms
621 silly audit report {}
622 http fetch GET 200 https://registry.npmjs.org/fdir/-/fdir-6.5.0.tgz 344ms (cache miss)
623 http fetch GET 200 https://registry.npmjs.org/picocolors/-/picocolors-1.1.1.tgz 354ms (cache miss)
624 http fetch GET 200 https://registry.npmjs.org/nanoid/-/nanoid-3.3.18.tgz 365ms (cache miss)
625 http fetch GET 200 https://registry.npmjs.org/detect-libc/-/detect-libc-2.1.2.tgz 365ms (cache miss)
626 http fetch GET 200 https://registry.npmjs.org/@rolldown/pluginutils/-/pluginutils-1.0.1.tgz 366ms (cache miss)
627 http fetch GET 200 https://registry.npmjs.org/@oxc-project/types/-/types-0.146.0.tgz 425ms (cache miss)
628 http fetch GET 200 https://registry.npmjs.org/@vitejs/plugin-react/-/plugin-react-6.1.0.tgz 510ms (cache miss)
629 http fetch GET 200 https://registry.npmjs.org/picomatch/-/picomatch-4.0.5.tgz 517ms (cache miss)
630 http fetch GET 200 https://registry.npmjs.org/@types/react-dom/-/react-dom-19.2.4.tgz 543ms (cache miss)
631 http fetch GET 200 https://registry.npmjs.org/tinyglobby/-/tinyglobby-0.2.17.tgz 727ms (cache miss)
632 http fetch GET 200 https://registry.npmjs.org/source-map-js/-/source-map-js-1.2.1.tgz 819ms (cache miss)
633 http fetch GET 200 https://registry.npmjs.org/scheduler/-/scheduler-0.27.0.tgz 877ms (cache miss)
634 http fetch GET 200 https://registry.npmjs.org/lightningcss/-/lightningcss-1.33.0.tgz 902ms (cache miss)
635 http fetch GET 200 https://registry.npmjs.org/undici-types/-/undici-types-7.18.2.tgz 900ms (cache miss)
636 http fetch GET 200 https://registry.npmjs.org/@types/react/-/react-19.2.18.tgz 893ms (cache miss)
637 http fetch GET 200 https://registry.npmjs.org/react/-/react-19.2.8.tgz 967ms (cache miss)
638 http fetch GET 200 https://registry.npmjs.org/csstype/-/csstype-3.2.3.tgz 1033ms (cache miss)
639 http fetch GET 200 https://registry.npmjs.org/postcss/-/postcss-8.5.26.tgz 1342ms (cache miss)
640 http fetch GET 200 https://registry.npmjs.org/oxlint/-/oxlint-1.79.0.tgz 1420ms (cache miss)
641 http fetch GET 200 https://registry.npmjs.org/vite/-/vite-8.2.2.tgz 1686ms (cache miss)
642 http fetch GET 200 https://registry.npmjs.org/rolldown/-/rolldown-1.2.5.tgz 1711ms (cache miss)
643 http fetch GET 200 https://registry.npmjs.org/@types/node/-/node-24.13.3.tgz 1745ms (cache miss)
644 http fetch GET 200 https://registry.npmjs.org/react-dom/-/react-dom-19.2.8.tgz 2428ms (cache miss)
645 http fetch GET 200 https://registry.npmjs.org/lightningcss-linux-x64-gnu/-/lightningcss-linux-x64-gnu-1.33.0.tgz 2736ms (cache miss)
646 http fetch GET 200 https://registry.npmjs.org/@oxlint/binding-linux-x64-gnu/-/binding-linux-x64-gnu-1.79.0.tgz 3306ms (cache miss)
647 http fetch GET 200 https://registry.npmjs.org/@rolldown/binding-linux-x64-gnu/-/binding-linux-x64-gnu-1.2.5.tgz 3502ms (cache miss)
648 http fetch GET 200 https://registry.npmjs.org/typescript/-/typescript-6.0.3.tgz 3955ms (cache miss)
649 silly ADD node_modules/fdir
650 silly ADD node_modules/@rolldown/binding-linux-x64-gnu
651 silly ADD node_modules/@oxc-project/types
652 silly ADD node_modules/source-map-js
653 silly ADD node_modules/picocolors
654 silly ADD node_modules/nanoid
655 silly ADD node_modules/lightningcss-linux-x64-gnu
656 silly ADD node_modules/detect-libc
657 silly ADD node_modules/tinyglobby
658 silly ADD node_modules/rolldown
659 silly ADD node_modules/postcss
660 silly ADD node_modules/picomatch
661 silly ADD node_modules/lightningcss
662 silly ADD node_modules/scheduler
663 silly ADD node_modules/@oxlint/binding-linux-x64-gnu
664 silly ADD node_modules/@rolldown/pluginutils
665 silly ADD node_modules/csstype
666 silly ADD node_modules/undici-types
667 silly ADD node_modules/typescript
668 silly ADD node_modules/react-dom
669 silly ADD node_modules/react
670 silly ADD node_modules/oxlint
671 silly ADD node_modules/vite
672 silly ADD node_modules/@vitejs/plugin-react
673 silly ADD node_modules/@types/react-dom
674 silly ADD node_modules/@types/react
675 silly ADD node_modules/@types/node
676 verbose cwd /opt/data/connect-4-react-ts
677 verbose os Linux 7.0.12-linuxkit
678 verbose node v26.5.1
679 verbose npm  v11.17.0
680 verbose exit 0
681 info ok
