1787355337.581278
1787355564.301425
1787355719.063154
1787355729.994766
1787356297.191324
1787356309.378576
1787364945.385924
1787367601.052573
1787367848.51933
1787368377.258198
1787369402.984999
1787377053.915884
1787377542.527864
1787377709.278636
1787379674.858393
1787379945.554993
1787380456.358838
1787381142.418408
1787381797.152611
1787433495.204196
1787434873.782722
1787434912.798848
1787436193.104054
1787455425.677379
1787455425.809202
1787456788.923812
1787456789.40324
1787457190.71086
1787457191.101534
1787457199.401727
1787458883.236474
1787458885.123887
1787458893.436924
1787459425.800884
1787459474.152996
1787459589.156786
1787459895.845479
1787459897.691928
1787459906.843235
