0 verbose cli /usr/local/bin/node /usr/local/bin/npm
1 info using npm@11.17.0
2 info using node@v26.5.1
3 silly config load:file:/usr/local/lib/node_modules/npm/npmrc
4 silly config load:file:/opt/data/connect-4-react-ts/.npmrc
5 silly config load:file:/opt/data/profiles/coder/home/.npmrc
6 silly config load:file:/usr/local/etc/npmrc
7 verbose title npm create vite@latest . --template react-ts
8 verbose argv "create" "vite@latest" "." "--" "--template" "react-ts"
9 verbose logfile logs-max:10 dir:/opt/data/profiles/coder/home/.npm/_logs/2026-08-22T02_45_23_828Z-
10 verbose logfile /opt/data/profiles/coder/home/.npm/_logs/2026-08-22T02_45_23_828Z-debug-0.log
11 silly logfile done cleaning log files
12 silly packumentCache heap:2248146944 maxSize:562036736 maxEntrySize:281018368
13 http fetch GET 200 https://registry.npmjs.org/create-vite 206ms (cache miss)
14 silly packumentCache heap:2248146944 maxSize:562036736 maxEntrySize:281018368
15 warn exec The following package was not found and will be installed: create-vite@9.1.2
16 silly idealTree buildDeps
17 silly fetch manifest create-vite@9.1.2
18 silly packumentCache full:https://registry.npmjs.org/create-vite cache-miss
19 http fetch GET 200 https://registry.npmjs.org/create-vite 99ms (cache miss)
20 silly packumentCache full:https://registry.npmjs.org/create-vite set size:undefined disposed:false
21 silly placeDep ROOT create-vite@9.1.2 OK for:  want: 9.1.2
22 silly reify moves {}
23 silly audit bulk request { 'create-vite': [ '9.1.2' ] }
24 http cache create-vite@https://registry.npmjs.org/create-vite/-/create-vite-9.1.2.tgz 0ms (cache hit)
25 silly tarball no local data for create-vite@https://registry.npmjs.org/create-vite/-/create-vite-9.1.2.tgz. Extracting by manifest.
26 http fetch GET 200 https://registry.npmjs.org/npm 471ms
27 http fetch POST 200 https://registry.npmjs.org/-/npm/v1/security/advisories/bulk 66ms
28 silly audit report {}
29 http fetch GET 200 https://registry.npmjs.org/create-vite/-/create-vite-9.1.2.tgz 707ms (cache miss)
30 verbose cwd /opt/data/connect-4-react-ts
31 verbose os Linux 7.0.12-linuxkit
32 verbose node v26.5.1
33 verbose npm  v11.17.0
34 notice
34 notice New major version of npm available! 11.17.0 -> 12.0.2
34 notice Changelog: https://github.com/npm/cli/releases/tag/v12.0.2
34 notice To update run: npm install -g npm@12.0.2
34 notice  { force: true, Symbol(proc-log.meta): true }
35 verbose exit 0
36 info ok
