1787355337.766244
1787355564.53622
1787355719.161055
1787355730.048949
1787356297.245378
1787356309.472771
1787364945.265705
1787367601.303001
1787367848.548852
1787368377.359075
1787377054.043856
1787377542.545771
1787377709.302184
1787379674.880734
1787379945.494822
1787380456.392669
1787381142.406895
1787381797.12448
1787433495.380641
1787434873.717763
1787434912.822903
1787436193.166915
1787456789.11629
1787456789.384279
1787456800.197325
1787459425.801931
1787459474.179365
1787459589.11407
1787460892.234972
1787460893.866395
1787460904.921532
