{"ts": "2026-08-21T23:35:37.577217+00:00", "tag": "gateway.start", "pid": 522, "python": "3.13.5", "platform": "linux", "replace": true, "argv": ["/opt/hermes/.venv/bin/hermes", "gateway", "run", "--replace"], "stdin_is_tty": false, "console_window_attached": null, "detached": false, "breakaway": null, "absorb_windows_console_controls": false}
{"ts": "2026-08-21T23:39:11.781182+00:00", "tag": "asyncio.run.returned", "pid": 522, "python": "3.13.5", "platform": "linux", "success": false}
{"ts": "2026-08-21T23:39:11.783866+00:00", "tag": "gateway.exit_nonzero", "pid": 522, "python": "3.13.5", "platform": "linux"}
{"ts": "2026-08-21T23:39:24.296181+00:00", "tag": "gateway.start", "pid": 783, "python": "3.13.5", "platform": "linux", "replace": false, "argv": ["/opt/hermes/.venv/bin/hermes", "gateway", "run", "--no-supervise", "--force"], "stdin_is_tty": false, "console_window_attached": null, "detached": false, "breakaway": null, "absorb_windows_console_controls": false}
{"ts": "2026-08-21T23:41:53.663269+00:00", "tag": "asyncio.run.returned", "pid": 783, "python": "3.13.5", "platform": "linux", "success": false}
{"ts": "2026-08-21T23:41:53.665236+00:00", "tag": "gateway.exit_nonzero", "pid": 783, "python": "3.13.5", "platform": "linux"}
{"ts": "2026-08-21T23:41:59.058513+00:00", "tag": "gateway.start", "pid": 996, "python": "3.13.5", "platform": "linux", "replace": false, "argv": ["/opt/hermes/.venv/bin/hermes", "gateway", "run", "--no-supervise", "--force"], "stdin_is_tty": false, "console_window_attached": null, "detached": false, "breakaway": null, "absorb_windows_console_controls": false}
{"ts": "2026-08-21T23:42:05.031632+00:00", "tag": "asyncio.run.returned", "pid": 996, "python": "3.13.5", "platform": "linux", "success": false}
{"ts": "2026-08-21T23:42:05.037348+00:00", "tag": "gateway.exit_nonzero", "pid": 996, "python": "3.13.5", "platform": "linux"}
{"ts": "2026-08-21T23:42:09.990734+00:00", "tag": "gateway.start", "pid": 1194, "python": "3.13.5", "platform": "linux", "replace": false, "argv": ["/opt/hermes/.venv/bin/hermes", "gateway", "run", "--no-supervise", "--force"], "stdin_is_tty": false, "console_window_attached": null, "detached": false, "breakaway": null, "absorb_windows_console_controls": false}
{"ts": "2026-08-21T23:51:32.139916+00:00", "tag": "asyncio.run.returned", "pid": 1194, "python": "3.13.5", "platform": "linux", "success": false}
{"ts": "2026-08-21T23:51:32.146818+00:00", "tag": "gateway.exit_nonzero", "pid": 1194, "python": "3.13.5", "platform": "linux"}
{"ts": "2026-08-21T23:51:37.187434+00:00", "tag": "gateway.start", "pid": 1459, "python": "3.13.5", "platform": "linux", "replace": false, "argv": ["/opt/hermes/.venv/bin/hermes", "gateway", "run", "--no-supervise", "--force"], "stdin_is_tty": false, "console_window_attached": null, "detached": false, "breakaway": null, "absorb_windows_console_controls": false}
{"ts": "2026-08-21T23:51:44.364134+00:00", "tag": "asyncio.run.returned", "pid": 1459, "python": "3.13.5", "platform": "linux", "success": true}
{"ts": "2026-08-21T23:51:44.367270+00:00", "tag": "gateway.exit_clean", "pid": 1459, "python": "3.13.5", "platform": "linux"}
{"ts": "2026-08-21T23:51:49.373586+00:00", "tag": "gateway.start", "pid": 1646, "python": "3.13.5", "platform": "linux", "replace": false, "argv": ["/opt/hermes/.venv/bin/hermes", "gateway", "run", "--no-supervise", "--force"], "stdin_is_tty": false, "console_window_attached": null, "detached": false, "breakaway": null, "absorb_windows_console_controls": false}
{"ts": "2026-08-22T02:15:37.932051+00:00", "tag": "asyncio.run.returned", "pid": 1646, "python": "3.13.5", "platform": "linux", "success": false}
{"ts": "2026-08-22T02:15:37.935982+00:00", "tag": "gateway.exit_nonzero", "pid": 1646, "python": "3.13.5", "platform": "linux"}
{"ts": "2026-08-22T02:15:45.374725+00:00", "tag": "gateway.start", "pid": 2672, "python": "3.13.5", "platform": "linux", "replace": false, "argv": ["/opt/hermes/.venv/bin/hermes", "gateway", "run", "--no-supervise", "--force"], "stdin_is_tty": false, "console_window_attached": null, "detached": false, "breakaway": null, "absorb_windows_console_controls": false}
{"ts": "2026-08-22T02:57:38.664313+00:00", "tag": "asyncio.run.returned", "pid": 2672, "python": "3.13.5", "platform": "linux", "success": false}
{"ts": "2026-08-22T02:57:38.669413+00:00", "tag": "gateway.exit_nonzero", "pid": 2672, "python": "3.13.5", "platform": "linux"}
{"ts": "2026-08-22T03:00:01.038319+00:00", "tag": "gateway.start", "pid": 7906, "python": "3.13.5", "platform": "linux", "replace": false, "argv": ["/opt/hermes/.venv/bin/hermes", "gateway", "run", "--no-supervise", "--force"], "stdin_is_tty": false, "console_window_attached": null, "detached": false, "breakaway": null, "absorb_windows_console_controls": false}
{"ts": "2026-08-22T03:04:02.719870+00:00", "tag": "asyncio.run.returned", "pid": 7906, "python": "3.13.5", "platform": "linux", "success": false}
{"ts": "2026-08-22T03:04:02.723751+00:00", "tag": "gateway.exit_nonzero", "pid": 7906, "python": "3.13.5", "platform": "linux"}
{"ts": "2026-08-22T03:04:08.513978+00:00", "tag": "gateway.start", "pid": 9034, "python": "3.13.5", "platform": "linux", "replace": false, "argv": ["/opt/hermes/.venv/bin/hermes", "gateway", "run", "--no-supervise", "--force"], "stdin_is_tty": false, "console_window_attached": null, "detached": false, "breakaway": null, "absorb_windows_console_controls": false}
{"ts": "2026-08-22T03:12:53.716952+00:00", "tag": "asyncio.run.returned", "pid": 9034, "python": "3.13.5", "platform": "linux", "success": false}
{"ts": "2026-08-22T03:12:53.719549+00:00", "tag": "gateway.exit_nonzero", "pid": 9034, "python": "3.13.5", "platform": "linux"}
{"ts": "2026-08-22T03:12:57.250961+00:00", "tag": "gateway.start", "pid": 11955, "python": "3.13.5", "platform": "linux", "replace": false, "argv": ["/opt/hermes/.venv/bin/hermes", "gateway", "run", "--no-supervise", "--force"], "stdin_is_tty": false, "console_window_attached": null, "detached": false, "breakaway": null, "absorb_windows_console_controls": false}
{"ts": "2026-08-22T03:29:57.876074+00:00", "tag": "asyncio.run.returned", "pid": 11955, "python": "3.13.5", "platform": "linux", "success": false}
{"ts": "2026-08-22T03:29:57.878341+00:00", "tag": "gateway.exit_nonzero", "pid": 11955, "python": "3.13.5", "platform": "linux"}
{"ts": "2026-08-22T03:30:02.981274+00:00", "tag": "gateway.start", "pid": 13358, "python": "3.13.5", "platform": "linux", "replace": false, "argv": ["/opt/hermes/.venv/bin/hermes", "gateway", "run", "--no-supervise", "--force"], "stdin_is_tty": false, "console_window_attached": null, "detached": false, "breakaway": null, "absorb_windows_console_controls": false}
{"ts": "2026-08-22T03:46:10.363483+00:00", "tag": "asyncio.run.returned", "pid": 13358, "python": "3.13.5", "platform": "linux", "success": false}
{"ts": "2026-08-22T03:46:10.365765+00:00", "tag": "gateway.exit_nonzero", "pid": 13358, "python": "3.13.5", "platform": "linux"}
{"ts": "2026-08-22T05:37:33.908399+00:00", "tag": "gateway.start", "pid": 17792, "python": "3.13.5", "platform": "linux", "replace": false, "argv": ["/opt/hermes/.venv/bin/hermes", "gateway", "run", "--no-supervise", "--force"], "stdin_is_tty": false, "console_window_attached": null, "detached": false, "breakaway": null, "absorb_windows_console_controls": false}
{"ts": "2026-08-22T05:45:42.518895+00:00", "tag": "gateway.start", "pid": 250, "python": "3.13.5", "platform": "linux", "replace": true, "argv": ["/opt/hermes/.venv/bin/hermes", "gateway", "run", "--replace"], "stdin_is_tty": false, "console_window_attached": null, "detached": false, "breakaway": null, "absorb_windows_console_controls": false}
{"ts": "2026-08-22T05:45:51.500911+00:00", "tag": "gateway.previous_unclean_exit", "pid": 250, "prior_pid": 17792, "prior_started_at": "2026-08-22T05:37:38.450823+00:00", "prior_start_time": 1787377058.4508169, "last_heartbeat_at": "2026-08-22T05:45:42.777495+00:00", "last_heartbeat_mem": {"rss_kib": 306372, "mem_total_kib": 8126824, "mem_available_kib": 3028480, "swap_used_kib": 0}}
{"ts": "2026-08-22T05:48:29.269732+00:00", "tag": "gateway.start", "pid": 244, "python": "3.13.5", "platform": "linux", "replace": true, "argv": ["/opt/hermes/.venv/bin/hermes", "gateway", "run", "--replace"], "stdin_is_tty": false, "console_window_attached": null, "detached": false, "breakaway": null, "absorb_windows_console_controls": false}
{"ts": "2026-08-22T05:48:37.580881+00:00", "tag": "gateway.previous_unclean_exit", "pid": 244, "prior_pid": 250, "prior_started_at": "2026-08-22T05:45:51.521762+00:00", "prior_start_time": 1787377551.5217578, "last_heartbeat_at": "2026-08-22T05:48:12.811117+00:00", "last_heartbeat_mem": {"rss_kib": 309012, "mem_total_kib": 8126824, "mem_available_kib": 3897160, "swap_used_kib": 0}}
{"ts": "2026-08-22T06:20:54.191961+00:00", "tag": "asyncio.run.returned", "pid": 17792, "python": "3.13.5", "platform": "linux", "success": false}
{"ts": "2026-08-22T06:20:54.201173+00:00", "tag": "gateway.exit_nonzero", "pid": 17792, "python": "3.13.5", "platform": "linux"}
{"ts": "2026-08-22T06:21:14.852531+00:00", "tag": "gateway.start", "pid": 258, "python": "3.13.5", "platform": "linux", "replace": true, "argv": ["/opt/hermes/.venv/bin/hermes", "gateway", "run", "--replace"], "stdin_is_tty": false, "console_window_attached": null, "detached": false, "breakaway": null, "absorb_windows_console_controls": false}
{"ts": "2026-08-22T06:21:20.315504+00:00", "tag": "gateway.previous_unclean_exit", "pid": 258, "prior_pid": 244, "prior_started_at": "2026-08-22T05:48:37.585547+00:00", "prior_start_time": 1787377717.5855432, "last_heartbeat_at": "2026-08-22T06:20:34.145256+00:00", "last_heartbeat_mem": {"rss_kib": 299708, "mem_total_kib": 8126824, "mem_available_kib": 5459884, "swap_used_kib": 0}}
{"ts": "2026-08-22T06:25:24.817565+00:00", "tag": "asyncio.run.returned", "pid": 258, "python": "3.13.5", "platform": "linux", "success": false}
{"ts": "2026-08-22T06:25:24.819956+00:00", "tag": "gateway.exit_nonzero", "pid": 258, "python": "3.13.5", "platform": "linux"}
{"ts": "2026-08-22T06:25:45.548569+00:00", "tag": "gateway.start", "pid": 256, "python": "3.13.5", "platform": "linux", "replace": true, "argv": ["/opt/hermes/.venv/bin/hermes", "gateway", "run", "--replace"], "stdin_is_tty": false, "console_window_attached": null, "detached": false, "breakaway": null, "absorb_windows_console_controls": false}
{"ts": "2026-08-22T06:33:37.093101+00:00", "tag": "asyncio.run.returned", "pid": 256, "python": "3.13.5", "platform": "linux", "success": false}
{"ts": "2026-08-22T06:33:37.096325+00:00", "tag": "gateway.exit_nonzero", "pid": 256, "python": "3.13.5", "platform": "linux"}
{"ts": "2026-08-22T06:34:16.352328+00:00", "tag": "gateway.start", "pid": 261, "python": "3.13.5", "platform": "linux", "replace": true, "argv": ["/opt/hermes/.venv/bin/hermes", "gateway", "run", "--replace"], "stdin_is_tty": false, "console_window_attached": null, "detached": false, "breakaway": null, "absorb_windows_console_controls": false}
{"ts": "2026-08-22T06:45:21.172470+00:00", "tag": "asyncio.run.returned", "pid": 261, "python": "3.13.5", "platform": "linux", "success": false}
{"ts": "2026-08-22T06:45:21.174755+00:00", "tag": "gateway.exit_nonzero", "pid": 261, "python": "3.13.5", "platform": "linux"}
{"ts": "2026-08-22T06:45:42.410997+00:00", "tag": "gateway.start", "pid": 241, "python": "3.13.5", "platform": "linux", "replace": true, "argv": ["/opt/hermes/.venv/bin/hermes", "gateway", "run", "--replace"], "stdin_is_tty": false, "console_window_attached": null, "detached": false, "breakaway": null, "absorb_windows_console_controls": false}
{"ts": "2026-08-22T06:55:59.594460+00:00", "tag": "asyncio.run.returned", "pid": 241, "python": "3.13.5", "platform": "linux", "success": false}
{"ts": "2026-08-22T06:55:59.598064+00:00", "tag": "gateway.exit_nonzero", "pid": 241, "python": "3.13.5", "platform": "linux"}
{"ts": "2026-08-22T06:56:37.144525+00:00", "tag": "gateway.start", "pid": 281, "python": "3.13.5", "platform": "linux", "replace": true, "argv": ["/opt/hermes/.venv/bin/hermes", "gateway", "run", "--replace"], "stdin_is_tty": false, "console_window_attached": null, "detached": false, "breakaway": null, "absorb_windows_console_controls": false}
{"ts": "2026-08-22T21:17:47.190401+00:00", "tag": "asyncio.run.returned", "pid": 281, "python": "3.13.5", "platform": "linux", "success": false}
{"ts": "2026-08-22T21:17:47.194999+00:00", "tag": "gateway.exit_nonzero", "pid": 281, "python": "3.13.5", "platform": "linux"}
{"ts": "2026-08-22T21:18:15.197336+00:00", "tag": "gateway.start", "pid": 292, "python": "3.13.5", "platform": "linux", "replace": true, "argv": ["/opt/hermes/.venv/bin/hermes", "gateway", "run", "--replace"], "stdin_is_tty": false, "console_window_attached": null, "detached": false, "breakaway": null, "absorb_windows_console_controls": false}
{"ts": "2026-08-22T21:40:40.206585+00:00", "tag": "asyncio.run.returned", "pid": 292, "python": "3.13.5", "platform": "linux", "success": false}
{"ts": "2026-08-22T21:40:40.209932+00:00", "tag": "gateway.exit_nonzero", "pid": 292, "python": "3.13.5", "platform": "linux"}
{"ts": "2026-08-22T21:41:13.770705+00:00", "tag": "gateway.start", "pid": 302, "python": "3.13.5", "platform": "linux", "replace": true, "argv": ["/opt/hermes/.venv/bin/hermes", "gateway", "run", "--replace"], "stdin_is_tty": false, "console_window_attached": null, "detached": false, "breakaway": null, "absorb_windows_console_controls": false}
{"ts": "2026-08-22T21:41:28.850810+00:00", "tag": "asyncio.run.returned", "pid": 302, "python": "3.13.5", "platform": "linux", "success": false}
{"ts": "2026-08-22T21:41:28.852203+00:00", "tag": "gateway.exit_nonzero", "pid": 302, "python": "3.13.5", "platform": "linux"}
{"ts": "2026-08-22T21:41:52.794086+00:00", "tag": "gateway.start", "pid": 282, "python": "3.13.5", "platform": "linux", "replace": true, "argv": ["/opt/hermes/.venv/bin/hermes", "gateway", "run", "--replace"], "stdin_is_tty": false, "console_window_attached": null, "detached": false, "breakaway": null, "absorb_windows_console_controls": false}
{"ts": "2026-08-22T22:02:39.720555+00:00", "tag": "asyncio.run.returned", "pid": 282, "python": "3.13.5", "platform": "linux", "success": false}
{"ts": "2026-08-22T22:02:39.723022+00:00", "tag": "gateway.exit_nonzero", "pid": 282, "python": "3.13.5", "platform": "linux"}
{"ts": "2026-08-22T22:03:13.099147+00:00", "tag": "gateway.start", "pid": 269, "python": "3.13.5", "platform": "linux", "replace": true, "argv": ["/opt/hermes/.venv/bin/hermes", "gateway", "run", "--replace"], "stdin_is_tty": false, "console_window_attached": null, "detached": false, "breakaway": null, "absorb_windows_console_controls": false}
{"ts": "2026-08-23T03:23:39.760329+00:00", "tag": "asyncio.run.returned", "pid": 269, "python": "3.13.5", "platform": "linux", "success": false}
{"ts": "2026-08-23T03:23:39.763005+00:00", "tag": "gateway.exit_nonzero", "pid": 269, "python": "3.13.5", "platform": "linux"}
{"ts": "2026-08-23T03:23:45.671023+00:00", "tag": "gateway.start", "pid": 1502, "python": "3.13.5", "platform": "linux", "replace": false, "argv": ["/opt/hermes/.venv/bin/hermes", "gateway", "run", "--no-supervise", "--force"], "stdin_is_tty": false, "console_window_attached": null, "detached": false, "breakaway": null, "absorb_windows_console_controls": false}
{"ts": "2026-08-23T03:23:45.802849+00:00", "tag": "gateway.start", "pid": 1504, "python": "3.13.5", "platform": "linux", "replace": true, "argv": ["/opt/hermes/.venv/bin/hermes", "gateway", "run", "--replace"], "stdin_is_tty": false, "console_window_attached": null, "detached": false, "breakaway": null, "absorb_windows_console_controls": false}
{"ts": "2026-08-23T03:23:50.198292+00:00", "tag": "asyncio.run.returned", "pid": 1502, "python": "3.13.5", "platform": "linux", "success": false}
{"ts": "2026-08-23T03:23:50.200337+00:00", "tag": "gateway.exit_nonzero", "pid": 1502, "python": "3.13.5", "platform": "linux"}
{"ts": "2026-08-23T03:46:17.572663+00:00", "tag": "asyncio.run.returned", "pid": 1504, "python": "3.13.5", "platform": "linux", "success": false}
{"ts": "2026-08-23T03:46:17.574386+00:00", "tag": "gateway.exit_nonzero", "pid": 1504, "python": "3.13.5", "platform": "linux"}
{"ts": "2026-08-23T03:46:28.913128+00:00", "tag": "gateway.start", "pid": 1669, "python": "3.13.5", "platform": "linux", "replace": true, "argv": ["/opt/hermes/.venv/bin/hermes", "gateway", "run", "--replace"], "stdin_is_tty": false, "console_window_attached": null, "detached": false, "breakaway": null, "absorb_windows_console_controls": false}
{"ts": "2026-08-23T03:46:29.394042+00:00", "tag": "gateway.start", "pid": 1691, "python": "3.13.5", "platform": "linux", "replace": false, "argv": ["/opt/hermes/.venv/bin/hermes", "gateway", "run", "--no-supervise", "--force"], "stdin_is_tty": false, "console_window_attached": null, "detached": false, "breakaway": null, "absorb_windows_console_controls": false}
{"ts": "2026-08-23T03:46:35.371253+00:00", "tag": "asyncio.run.returned", "pid": 1691, "python": "3.13.5", "platform": "linux", "success": false}
{"ts": "2026-08-23T03:46:35.374668+00:00", "tag": "gateway.exit_nonzero", "pid": 1691, "python": "3.13.5", "platform": "linux"}
{"ts": "2026-08-23T03:53:06.537119+00:00", "tag": "asyncio.run.returned", "pid": 1669, "python": "3.13.5", "platform": "linux", "success": false}
{"ts": "2026-08-23T03:53:06.539309+00:00", "tag": "gateway.exit_nonzero", "pid": 1669, "python": "3.13.5", "platform": "linux"}
{"ts": "2026-08-23T03:53:10.706895+00:00", "tag": "gateway.start", "pid": 1860, "python": "3.13.5", "platform": "linux", "replace": false, "argv": ["/opt/hermes/.venv/bin/hermes", "gateway", "run", "--no-supervise", "--force"], "stdin_is_tty": false, "console_window_attached": null, "detached": false, "breakaway": null, "absorb_windows_console_controls": false}
{"ts": "2026-08-23T03:53:11.095890+00:00", "tag": "gateway.start", "pid": 1862, "python": "3.13.5", "platform": "linux", "replace": true, "argv": ["/opt/hermes/.venv/bin/hermes", "gateway", "run", "--replace"], "stdin_is_tty": false, "console_window_attached": null, "detached": false, "breakaway": null, "absorb_windows_console_controls": false}
{"ts": "2026-08-23T03:53:15.251213+00:00", "tag": "asyncio.run.returned", "pid": 1862, "python": "3.13.5", "platform": "linux", "success": false}
{"ts": "2026-08-23T03:53:15.252825+00:00", "tag": "gateway.exit_nonzero", "pid": 1862, "python": "3.13.5", "platform": "linux"}
{"ts": "2026-08-23T03:53:19.398232+00:00", "tag": "gateway.start", "pid": 1884, "python": "3.13.5", "platform": "linux", "replace": true, "argv": ["/opt/hermes/.venv/bin/hermes", "gateway", "run", "--replace"], "stdin_is_tty": false, "console_window_attached": null, "detached": false, "breakaway": null, "absorb_windows_console_controls": false}
{"ts": "2026-08-23T03:53:19.610647+00:00", "tag": "asyncio.run.returned", "pid": 1860, "python": "3.13.5", "platform": "linux", "success": true}
{"ts": "2026-08-23T03:53:19.611992+00:00", "tag": "gateway.exit_clean", "pid": 1860, "python": "3.13.5", "platform": "linux"}
{"ts": "2026-08-23T04:30:25.793960+00:00", "tag": "gateway.start", "pid": 318, "python": "3.13.5", "platform": "linux", "replace": true, "argv": ["/opt/hermes/.venv/bin/hermes", "gateway", "run", "--replace"], "stdin_is_tty": false, "console_window_attached": null, "detached": false, "breakaway": null, "absorb_windows_console_controls": false}
{"ts": "2026-08-23T04:30:32.341331+00:00", "tag": "gateway.previous_unclean_exit", "pid": 318, "prior_pid": 1884, "prior_started_at": "2026-08-23T03:53:23.165637+00:00", "prior_start_time": 1787457203.1656337, "last_heartbeat_at": "2026-08-23T04:19:27.700790+00:00", "last_heartbeat_mem": {"rss_kib": 288068, "mem_total_kib": 8126824, "mem_available_kib": 5656824, "swap_used_kib": 0}}
{"ts": "2026-08-23T04:30:37.850541+00:00", "tag": "asyncio.run.returned", "pid": 318, "python": "3.13.5", "platform": "linux", "success": true}
{"ts": "2026-08-23T04:30:37.854331+00:00", "tag": "gateway.exit_clean", "pid": 318, "python": "3.13.5", "platform": "linux"}
{"ts": "2026-08-23T04:31:14.183941+00:00", "tag": "gateway.start", "pid": 308, "python": "3.13.5", "platform": "linux", "replace": true, "argv": ["/opt/hermes/.venv/bin/hermes", "gateway", "run", "--replace"], "stdin_is_tty": false, "console_window_attached": null, "detached": false, "breakaway": null, "absorb_windows_console_controls": false}
{"ts": "2026-08-23T04:32:31.652937+00:00", "tag": "asyncio.run.returned", "pid": 308, "python": "3.13.5", "platform": "linux", "success": false}
{"ts": "2026-08-23T04:32:31.654655+00:00", "tag": "gateway.exit_nonzero", "pid": 308, "python": "3.13.5", "platform": "linux"}
{"ts": "2026-08-23T04:33:09.057963+00:00", "tag": "gateway.start", "pid": 281, "python": "3.13.5", "platform": "linux", "replace": true, "argv": ["/opt/hermes/.venv/bin/hermes", "gateway", "run", "--replace"], "stdin_is_tty": false, "console_window_attached": null, "detached": false, "breakaway": null, "absorb_windows_console_controls": false}
{"ts": "2026-08-23T04:38:12.845150+00:00", "tag": "asyncio.run.returned", "pid": 281, "python": "3.13.5", "platform": "linux", "success": false}
{"ts": "2026-08-23T04:38:12.848173+00:00", "tag": "gateway.exit_nonzero", "pid": 281, "python": "3.13.5", "platform": "linux"}
{"ts": "2026-08-23T04:38:18.298445+00:00", "tag": "gateway.start", "pid": 1061, "python": "3.13.5", "platform": "linux", "replace": true, "argv": ["/opt/hermes/.venv/bin/hermes", "gateway", "run", "--replace"], "stdin_is_tty": false, "console_window_attached": null, "detached": false, "breakaway": null, "absorb_windows_console_controls": false}
{"ts": "2026-08-23T04:54:48.051885+00:00", "tag": "asyncio.run.returned", "pid": 1061, "python": "3.13.5", "platform": "linux", "success": false}
{"ts": "2026-08-23T04:54:48.054716+00:00", "tag": "gateway.exit_nonzero", "pid": 1061, "python": "3.13.5", "platform": "linux"}
{"ts": "2026-08-23T04:54:54.178134+00:00", "tag": "gateway.start", "pid": 3444, "python": "3.13.5", "platform": "linux", "replace": true, "argv": ["/opt/hermes/.venv/bin/hermes", "gateway", "run", "--replace"], "stdin_is_tty": false, "console_window_attached": null, "detached": false, "breakaway": null, "absorb_windows_console_controls": false}
