{"ts": "2026-08-21T23:35:37.514393+00:00", "tag": "gateway.start", "pid": 517, "python": "3.13.5", "platform": "linux", "replace": true, "argv": ["/opt/hermes/.venv/bin/hermes", "gateway", "run", "--replace"], "stdin_is_tty": false, "console_window_attached": null, "detached": false, "breakaway": null, "absorb_windows_console_controls": false}
{"ts": "2026-08-21T23:39:11.748367+00:00", "tag": "asyncio.run.returned", "pid": 517, "python": "3.13.5", "platform": "linux", "success": false}
{"ts": "2026-08-21T23:39:11.750285+00:00", "tag": "gateway.exit_nonzero", "pid": 517, "python": "3.13.5", "platform": "linux"}
{"ts": "2026-08-21T23:39:24.277088+00:00", "tag": "gateway.start", "pid": 775, "python": "3.13.5", "platform": "linux", "replace": false, "argv": ["/opt/hermes/.venv/bin/hermes", "gateway", "run", "--no-supervise", "--force"], "stdin_is_tty": false, "console_window_attached": null, "detached": false, "breakaway": null, "absorb_windows_console_controls": false}
{"ts": "2026-08-21T23:41:53.657589+00:00", "tag": "asyncio.run.returned", "pid": 775, "python": "3.13.5", "platform": "linux", "success": false}
{"ts": "2026-08-21T23:41:53.660160+00:00", "tag": "gateway.exit_nonzero", "pid": 775, "python": "3.13.5", "platform": "linux"}
{"ts": "2026-08-21T23:41:59.010382+00:00", "tag": "gateway.start", "pid": 988, "python": "3.13.5", "platform": "linux", "replace": false, "argv": ["/opt/hermes/.venv/bin/hermes", "gateway", "run", "--no-supervise", "--force"], "stdin_is_tty": false, "console_window_attached": null, "detached": false, "breakaway": null, "absorb_windows_console_controls": false}
{"ts": "2026-08-21T23:42:05.016597+00:00", "tag": "asyncio.run.returned", "pid": 988, "python": "3.13.5", "platform": "linux", "success": false}
{"ts": "2026-08-21T23:42:05.018332+00:00", "tag": "gateway.exit_nonzero", "pid": 988, "python": "3.13.5", "platform": "linux"}
{"ts": "2026-08-21T23:42:09.945325+00:00", "tag": "gateway.start", "pid": 1186, "python": "3.13.5", "platform": "linux", "replace": false, "argv": ["/opt/hermes/.venv/bin/hermes", "gateway", "run", "--no-supervise", "--force"], "stdin_is_tty": false, "console_window_attached": null, "detached": false, "breakaway": null, "absorb_windows_console_controls": false}
{"ts": "2026-08-21T23:51:32.121834+00:00", "tag": "asyncio.run.returned", "pid": 1186, "python": "3.13.5", "platform": "linux", "success": false}
{"ts": "2026-08-21T23:51:32.124098+00:00", "tag": "gateway.exit_nonzero", "pid": 1186, "python": "3.13.5", "platform": "linux"}
{"ts": "2026-08-21T23:51:37.027826+00:00", "tag": "gateway.start", "pid": 1449, "python": "3.13.5", "platform": "linux", "replace": false, "argv": ["/opt/hermes/.venv/bin/hermes", "gateway", "run", "--no-supervise", "--force"], "stdin_is_tty": false, "console_window_attached": null, "detached": false, "breakaway": null, "absorb_windows_console_controls": false}
{"ts": "2026-08-21T23:51:44.353263+00:00", "tag": "asyncio.run.returned", "pid": 1449, "python": "3.13.5", "platform": "linux", "success": true}
{"ts": "2026-08-21T23:51:44.355269+00:00", "tag": "gateway.exit_clean", "pid": 1449, "python": "3.13.5", "platform": "linux"}
{"ts": "2026-08-21T23:51:49.285982+00:00", "tag": "gateway.start", "pid": 1636, "python": "3.13.5", "platform": "linux", "replace": false, "argv": ["/opt/hermes/.venv/bin/hermes", "gateway", "run", "--no-supervise", "--force"], "stdin_is_tty": false, "console_window_attached": null, "detached": false, "breakaway": null, "absorb_windows_console_controls": false}
{"ts": "2026-08-22T00:04:16.509228+00:00", "tag": "asyncio.run.returned", "pid": 1636, "python": "3.13.5", "platform": "linux", "success": false}
{"ts": "2026-08-22T00:04:16.511014+00:00", "tag": "gateway.exit_nonzero", "pid": 1636, "python": "3.13.5", "platform": "linux"}
{"ts": "2026-08-22T00:04:20.552442+00:00", "tag": "gateway.start", "pid": 1864, "python": "3.13.5", "platform": "linux", "replace": false, "argv": ["/opt/hermes/.venv/bin/hermes", "gateway", "run", "--no-supervise", "--force"], "stdin_is_tty": false, "console_window_attached": null, "detached": false, "breakaway": null, "absorb_windows_console_controls": false}
{"ts": "2026-08-22T01:22:56.897700+00:00", "tag": "asyncio.run.returned", "pid": 1864, "python": "3.13.5", "platform": "linux", "success": false}
{"ts": "2026-08-22T01:22:56.899530+00:00", "tag": "gateway.exit_nonzero", "pid": 1864, "python": "3.13.5", "platform": "linux"}
{"ts": "2026-08-22T01:23:01.600483+00:00", "tag": "gateway.start", "pid": 2192, "python": "3.13.5", "platform": "linux", "replace": false, "argv": ["/opt/hermes/.venv/bin/hermes", "gateway", "run", "--no-supervise", "--force"], "stdin_is_tty": false, "console_window_attached": null, "detached": false, "breakaway": null, "absorb_windows_console_controls": false}
{"ts": "2026-08-22T01:26:31.040798+00:00", "tag": "asyncio.run.returned", "pid": 2192, "python": "3.13.5", "platform": "linux", "success": false}
{"ts": "2026-08-22T01:26:31.043893+00:00", "tag": "gateway.exit_nonzero", "pid": 2192, "python": "3.13.5", "platform": "linux"}
{"ts": "2026-08-22T01:26:35.131886+00:00", "tag": "gateway.start", "pid": 2320, "python": "3.13.5", "platform": "linux", "replace": false, "argv": ["/opt/hermes/.venv/bin/hermes", "gateway", "run", "--no-supervise", "--force"], "stdin_is_tty": false, "console_window_attached": null, "detached": false, "breakaway": null, "absorb_windows_console_controls": false}
{"ts": "2026-08-22T01:34:01.912914+00:00", "tag": "asyncio.run.returned", "pid": 2320, "python": "3.13.5", "platform": "linux", "success": false}
{"ts": "2026-08-22T01:34:01.914522+00:00", "tag": "gateway.exit_nonzero", "pid": 2320, "python": "3.13.5", "platform": "linux"}
{"ts": "2026-08-22T01:34:06.217846+00:00", "tag": "gateway.start", "pid": 2377, "python": "3.13.5", "platform": "linux", "replace": false, "argv": ["/opt/hermes/.venv/bin/hermes", "gateway", "run", "--no-supervise", "--force"], "stdin_is_tty": false, "console_window_attached": null, "detached": false, "breakaway": null, "absorb_windows_console_controls": false}
{"ts": "2026-08-22T01:36:16.812940+00:00", "tag": "asyncio.run.returned", "pid": 2377, "python": "3.13.5", "platform": "linux", "success": false}
{"ts": "2026-08-22T01:36:16.815390+00:00", "tag": "gateway.exit_nonzero", "pid": 2377, "python": "3.13.5", "platform": "linux"}
{"ts": "2026-08-22T01:36:21.269643+00:00", "tag": "gateway.start", "pid": 2444, "python": "3.13.5", "platform": "linux", "replace": false, "argv": ["/opt/hermes/.venv/bin/hermes", "gateway", "run", "--no-supervise", "--force"], "stdin_is_tty": false, "console_window_attached": null, "detached": false, "breakaway": null, "absorb_windows_console_controls": false}
{"ts": "2026-08-22T02:15:38.294449+00:00", "tag": "asyncio.run.returned", "pid": 2444, "python": "3.13.5", "platform": "linux", "success": false}
{"ts": "2026-08-22T02:15:38.297684+00:00", "tag": "gateway.exit_nonzero", "pid": 2444, "python": "3.13.5", "platform": "linux"}
{"ts": "2026-08-22T02:15:44.963745+00:00", "tag": "gateway.start", "pid": 2664, "python": "3.13.5", "platform": "linux", "replace": false, "argv": ["/opt/hermes/.venv/bin/hermes", "gateway", "run", "--no-supervise", "--force"], "stdin_is_tty": false, "console_window_attached": null, "detached": false, "breakaway": null, "absorb_windows_console_controls": false}
{"ts": "2026-08-22T02:57:39.090791+00:00", "tag": "asyncio.run.returned", "pid": 2664, "python": "3.13.5", "platform": "linux", "success": false}
{"ts": "2026-08-22T02:57:39.093292+00:00", "tag": "gateway.exit_nonzero", "pid": 2664, "python": "3.13.5", "platform": "linux"}
{"ts": "2026-08-22T03:00:00.904099+00:00", "tag": "gateway.start", "pid": 7898, "python": "3.13.5", "platform": "linux", "replace": false, "argv": ["/opt/hermes/.venv/bin/hermes", "gateway", "run", "--no-supervise", "--force"], "stdin_is_tty": false, "console_window_attached": null, "detached": false, "breakaway": null, "absorb_windows_console_controls": false}
{"ts": "2026-08-22T03:04:03.638489+00:00", "tag": "asyncio.run.returned", "pid": 7898, "python": "3.13.5", "platform": "linux", "success": false}
{"ts": "2026-08-22T03:04:03.641793+00:00", "tag": "gateway.exit_nonzero", "pid": 7898, "python": "3.13.5", "platform": "linux"}
{"ts": "2026-08-22T03:04:08.352673+00:00", "tag": "gateway.start", "pid": 9026, "python": "3.13.5", "platform": "linux", "replace": false, "argv": ["/opt/hermes/.venv/bin/hermes", "gateway", "run", "--no-supervise", "--force"], "stdin_is_tty": false, "console_window_attached": null, "detached": false, "breakaway": null, "absorb_windows_console_controls": false}
{"ts": "2026-08-22T03:12:52.442080+00:00", "tag": "asyncio.run.returned", "pid": 9026, "python": "3.13.5", "platform": "linux", "success": false}
{"ts": "2026-08-22T03:12:52.444834+00:00", "tag": "gateway.exit_nonzero", "pid": 9026, "python": "3.13.5", "platform": "linux"}
{"ts": "2026-08-22T03:12:57.177454+00:00", "tag": "gateway.start", "pid": 11947, "python": "3.13.5", "platform": "linux", "replace": false, "argv": ["/opt/hermes/.venv/bin/hermes", "gateway", "run", "--no-supervise", "--force"], "stdin_is_tty": false, "console_window_attached": null, "detached": false, "breakaway": null, "absorb_windows_console_controls": false}
{"ts": "2026-08-22T03:46:09.011013+00:00", "tag": "asyncio.run.returned", "pid": 11947, "python": "3.13.5", "platform": "linux", "success": false}
{"ts": "2026-08-22T03:46:09.012723+00:00", "tag": "gateway.exit_nonzero", "pid": 11947, "python": "3.13.5", "platform": "linux"}
{"ts": "2026-08-22T05:37:33.767666+00:00", "tag": "gateway.start", "pid": 17784, "python": "3.13.5", "platform": "linux", "replace": false, "argv": ["/opt/hermes/.venv/bin/hermes", "gateway", "run", "--no-supervise", "--force"], "stdin_is_tty": false, "console_window_attached": null, "detached": false, "breakaway": null, "absorb_windows_console_controls": false}
{"ts": "2026-08-22T05:45:42.442650+00:00", "tag": "gateway.start", "pid": 231, "python": "3.13.5", "platform": "linux", "replace": true, "argv": ["/opt/hermes/.venv/bin/hermes", "gateway", "run", "--replace"], "stdin_is_tty": false, "console_window_attached": null, "detached": false, "breakaway": null, "absorb_windows_console_controls": false}
{"ts": "2026-08-22T05:45:50.873925+00:00", "tag": "gateway.previous_unclean_exit", "pid": 231, "prior_pid": 17784, "prior_started_at": "2026-08-22T05:37:38.311322+00:00", "prior_start_time": 1787377058.311318, "last_heartbeat_at": "2026-08-22T05:45:42.963418+00:00", "last_heartbeat_mem": {"rss_kib": 285672, "mem_total_kib": 8126824, "mem_available_kib": 3031640, "swap_used_kib": 0}}
{"ts": "2026-08-22T05:48:29.259067+00:00", "tag": "gateway.start", "pid": 221, "python": "3.13.5", "platform": "linux", "replace": true, "argv": ["/opt/hermes/.venv/bin/hermes", "gateway", "run", "--replace"], "stdin_is_tty": false, "console_window_attached": null, "detached": false, "breakaway": null, "absorb_windows_console_controls": false}
{"ts": "2026-08-22T05:48:37.548464+00:00", "tag": "gateway.previous_unclean_exit", "pid": 221, "prior_pid": 231, "prior_started_at": "2026-08-22T05:45:50.878135+00:00", "prior_start_time": 1787377550.8781316, "last_heartbeat_at": "2026-08-22T05:48:13.003021+00:00", "last_heartbeat_mem": {"rss_kib": 285860, "mem_total_kib": 8126824, "mem_available_kib": 3897160, "swap_used_kib": 0}}
{"ts": "2026-08-22T06:20:54.330496+00:00", "tag": "asyncio.run.returned", "pid": 17784, "python": "3.13.5", "platform": "linux", "success": false}
{"ts": "2026-08-22T06:20:54.337140+00:00", "tag": "gateway.exit_nonzero", "pid": 17784, "python": "3.13.5", "platform": "linux"}
{"ts": "2026-08-22T06:21:14.801183+00:00", "tag": "gateway.start", "pid": 227, "python": "3.13.5", "platform": "linux", "replace": true, "argv": ["/opt/hermes/.venv/bin/hermes", "gateway", "run", "--replace"], "stdin_is_tty": false, "console_window_attached": null, "detached": false, "breakaway": null, "absorb_windows_console_controls": false}
{"ts": "2026-08-22T06:21:20.572178+00:00", "tag": "gateway.previous_unclean_exit", "pid": 227, "prior_pid": 221, "prior_started_at": "2026-08-22T05:48:37.551897+00:00", "prior_start_time": 1787377717.5518923, "last_heartbeat_at": "2026-08-22T06:20:33.835150+00:00", "last_heartbeat_mem": {"rss_kib": 306572, "mem_total_kib": 8126824, "mem_available_kib": 5459876, "swap_used_kib": 0}}
{"ts": "2026-08-22T06:25:26.345385+00:00", "tag": "asyncio.run.returned", "pid": 227, "python": "3.13.5", "platform": "linux", "success": false}
{"ts": "2026-08-22T06:25:26.347165+00:00", "tag": "gateway.exit_nonzero", "pid": 227, "python": "3.13.5", "platform": "linux"}
{"ts": "2026-08-22T06:25:45.499451+00:00", "tag": "gateway.start", "pid": 238, "python": "3.13.5", "platform": "linux", "replace": true, "argv": ["/opt/hermes/.venv/bin/hermes", "gateway", "run", "--replace"], "stdin_is_tty": false, "console_window_attached": null, "detached": false, "breakaway": null, "absorb_windows_console_controls": false}
{"ts": "2026-08-22T06:33:37.145379+00:00", "tag": "asyncio.run.returned", "pid": 238, "python": "3.13.5", "platform": "linux", "success": false}
{"ts": "2026-08-22T06:33:37.155075+00:00", "tag": "gateway.exit_nonzero", "pid": 238, "python": "3.13.5", "platform": "linux"}
{"ts": "2026-08-22T06:34:16.351733+00:00", "tag": "gateway.start", "pid": 239, "python": "3.13.5", "platform": "linux", "replace": true, "argv": ["/opt/hermes/.venv/bin/hermes", "gateway", "run", "--replace"], "stdin_is_tty": false, "console_window_attached": null, "detached": false, "breakaway": null, "absorb_windows_console_controls": false}
{"ts": "2026-08-22T06:45:21.227779+00:00", "tag": "asyncio.run.returned", "pid": 239, "python": "3.13.5", "platform": "linux", "success": false}
{"ts": "2026-08-22T06:45:21.231061+00:00", "tag": "gateway.exit_nonzero", "pid": 239, "python": "3.13.5", "platform": "linux"}
{"ts": "2026-08-22T06:45:42.352606+00:00", "tag": "gateway.start", "pid": 223, "python": "3.13.5", "platform": "linux", "replace": true, "argv": ["/opt/hermes/.venv/bin/hermes", "gateway", "run", "--replace"], "stdin_is_tty": false, "console_window_attached": null, "detached": false, "breakaway": null, "absorb_windows_console_controls": false}
{"ts": "2026-08-22T06:55:59.554143+00:00", "tag": "asyncio.run.returned", "pid": 223, "python": "3.13.5", "platform": "linux", "success": false}
{"ts": "2026-08-22T06:55:59.556806+00:00", "tag": "gateway.exit_nonzero", "pid": 223, "python": "3.13.5", "platform": "linux"}
{"ts": "2026-08-22T06:56:37.071523+00:00", "tag": "gateway.start", "pid": 256, "python": "3.13.5", "platform": "linux", "replace": true, "argv": ["/opt/hermes/.venv/bin/hermes", "gateway", "run", "--replace"], "stdin_is_tty": false, "console_window_attached": null, "detached": false, "breakaway": null, "absorb_windows_console_controls": false}
{"ts": "2026-08-22T21:17:47.223332+00:00", "tag": "asyncio.run.returned", "pid": 256, "python": "3.13.5", "platform": "linux", "success": false}
{"ts": "2026-08-22T21:17:47.232621+00:00", "tag": "gateway.exit_nonzero", "pid": 256, "python": "3.13.5", "platform": "linux"}
{"ts": "2026-08-22T21:18:15.109738+00:00", "tag": "gateway.start", "pid": 267, "python": "3.13.5", "platform": "linux", "replace": true, "argv": ["/opt/hermes/.venv/bin/hermes", "gateway", "run", "--replace"], "stdin_is_tty": false, "console_window_attached": null, "detached": false, "breakaway": null, "absorb_windows_console_controls": false}
{"ts": "2026-08-22T21:40:40.054700+00:00", "tag": "asyncio.run.returned", "pid": 267, "python": "3.13.5", "platform": "linux", "success": false}
{"ts": "2026-08-22T21:40:40.057132+00:00", "tag": "gateway.exit_nonzero", "pid": 267, "python": "3.13.5", "platform": "linux"}
{"ts": "2026-08-22T21:41:13.908745+00:00", "tag": "gateway.start", "pid": 277, "python": "3.13.5", "platform": "linux", "replace": true, "argv": ["/opt/hermes/.venv/bin/hermes", "gateway", "run", "--replace"], "stdin_is_tty": false, "console_window_attached": null, "detached": false, "breakaway": null, "absorb_windows_console_controls": false}
{"ts": "2026-08-22T21:41:28.871234+00:00", "tag": "asyncio.run.returned", "pid": 277, "python": "3.13.5", "platform": "linux", "success": false}
{"ts": "2026-08-22T21:41:28.872762+00:00", "tag": "gateway.exit_nonzero", "pid": 277, "python": "3.13.5", "platform": "linux"}
{"ts": "2026-08-22T21:41:52.814420+00:00", "tag": "gateway.start", "pid": 267, "python": "3.13.5", "platform": "linux", "replace": true, "argv": ["/opt/hermes/.venv/bin/hermes", "gateway", "run", "--replace"], "stdin_is_tty": false, "console_window_attached": null, "detached": false, "breakaway": null, "absorb_windows_console_controls": false}
{"ts": "2026-08-22T22:02:39.947720+00:00", "tag": "asyncio.run.returned", "pid": 267, "python": "3.13.5", "platform": "linux", "success": false}
{"ts": "2026-08-22T22:02:39.953018+00:00", "tag": "gateway.exit_nonzero", "pid": 267, "python": "3.13.5", "platform": "linux"}
{"ts": "2026-08-22T22:03:13.041304+00:00", "tag": "gateway.start", "pid": 245, "python": "3.13.5", "platform": "linux", "replace": true, "argv": ["/opt/hermes/.venv/bin/hermes", "gateway", "run", "--replace"], "stdin_is_tty": false, "console_window_attached": null, "detached": false, "breakaway": null, "absorb_windows_console_controls": false}
{"ts": "2026-08-22T22:14:24.272777+00:00", "tag": "asyncio.run.returned", "pid": 245, "python": "3.13.5", "platform": "linux", "success": false}
{"ts": "2026-08-22T22:14:24.276082+00:00", "tag": "gateway.exit_nonzero", "pid": 245, "python": "3.13.5", "platform": "linux"}
{"ts": "2026-08-22T22:14:29.739869+00:00", "tag": "gateway.start", "pid": 723, "python": "3.13.5", "platform": "linux", "replace": false, "argv": ["/opt/hermes/.venv/bin/hermes", "gateway", "run", "--no-supervise", "--force"], "stdin_is_tty": false, "console_window_attached": null, "detached": false, "breakaway": null, "absorb_windows_console_controls": false}
{"ts": "2026-08-22T22:14:29.947163+00:00", "tag": "gateway.start", "pid": 725, "python": "3.13.5", "platform": "linux", "replace": true, "argv": ["/opt/hermes/.venv/bin/hermes", "gateway", "run", "--replace"], "stdin_is_tty": false, "console_window_attached": null, "detached": false, "breakaway": null, "absorb_windows_console_controls": false}
{"ts": "2026-08-22T22:14:34.502710+00:00", "tag": "asyncio.run.returned", "pid": 725, "python": "3.13.5", "platform": "linux", "success": false}
{"ts": "2026-08-22T22:14:34.504877+00:00", "tag": "gateway.exit_nonzero", "pid": 725, "python": "3.13.5", "platform": "linux"}
{"ts": "2026-08-22T22:14:39.120722+00:00", "tag": "gateway.start", "pid": 759, "python": "3.13.5", "platform": "linux", "replace": true, "argv": ["/opt/hermes/.venv/bin/hermes", "gateway", "run", "--replace"], "stdin_is_tty": false, "console_window_attached": null, "detached": false, "breakaway": null, "absorb_windows_console_controls": false}
{"ts": "2026-08-22T22:14:39.662826+00:00", "tag": "asyncio.run.returned", "pid": 723, "python": "3.13.5", "platform": "linux", "success": true}
{"ts": "2026-08-22T22:14:39.664161+00:00", "tag": "gateway.exit_clean", "pid": 723, "python": "3.13.5", "platform": "linux"}
{"ts": "2026-08-22T22:20:58.852733+00:00", "tag": "asyncio.run.returned", "pid": 759, "python": "3.13.5", "platform": "linux", "success": false}
{"ts": "2026-08-22T22:20:58.854711+00:00", "tag": "gateway.exit_nonzero", "pid": 759, "python": "3.13.5", "platform": "linux"}
{"ts": "2026-08-22T22:21:03.744720+00:00", "tag": "gateway.start", "pid": 849, "python": "3.13.5", "platform": "linux", "replace": false, "argv": ["/opt/hermes/.venv/bin/hermes", "gateway", "run", "--no-supervise", "--force"], "stdin_is_tty": false, "console_window_attached": null, "detached": false, "breakaway": null, "absorb_windows_console_controls": false}
{"ts": "2026-08-22T22:21:04.199541+00:00", "tag": "gateway.start", "pid": 851, "python": "3.13.5", "platform": "linux", "replace": true, "argv": ["/opt/hermes/.venv/bin/hermes", "gateway", "run", "--replace"], "stdin_is_tty": false, "console_window_attached": null, "detached": false, "breakaway": null, "absorb_windows_console_controls": false}
{"ts": "2026-08-22T22:21:08.300767+00:00", "tag": "asyncio.run.returned", "pid": 851, "python": "3.13.5", "platform": "linux", "success": false}
{"ts": "2026-08-22T22:21:08.302081+00:00", "tag": "gateway.exit_nonzero", "pid": 851, "python": "3.13.5", "platform": "linux"}
{"ts": "2026-08-22T22:21:12.869991+00:00", "tag": "gateway.start", "pid": 872, "python": "3.13.5", "platform": "linux", "replace": true, "argv": ["/opt/hermes/.venv/bin/hermes", "gateway", "run", "--replace"], "stdin_is_tty": false, "console_window_attached": null, "detached": false, "breakaway": null, "absorb_windows_console_controls": false}
{"ts": "2026-08-22T22:21:13.472447+00:00", "tag": "asyncio.run.returned", "pid": 849, "python": "3.13.5", "platform": "linux", "success": true}
{"ts": "2026-08-22T22:21:13.474828+00:00", "tag": "gateway.exit_clean", "pid": 849, "python": "3.13.5", "platform": "linux"}
{"ts": "2026-08-23T03:46:17.586891+00:00", "tag": "asyncio.run.returned", "pid": 872, "python": "3.13.5", "platform": "linux", "success": false}
{"ts": "2026-08-23T03:46:17.589446+00:00", "tag": "gateway.exit_nonzero", "pid": 872, "python": "3.13.5", "platform": "linux"}
{"ts": "2026-08-23T03:46:28.926392+00:00", "tag": "gateway.start", "pid": 1673, "python": "3.13.5", "platform": "linux", "replace": true, "argv": ["/opt/hermes/.venv/bin/hermes", "gateway", "run", "--replace"], "stdin_is_tty": false, "console_window_attached": null, "detached": false, "breakaway": null, "absorb_windows_console_controls": false}
{"ts": "2026-08-23T03:46:29.360350+00:00", "tag": "gateway.start", "pid": 1692, "python": "3.13.5", "platform": "linux", "replace": false, "argv": ["/opt/hermes/.venv/bin/hermes", "gateway", "run", "--no-supervise", "--force"], "stdin_is_tty": false, "console_window_attached": null, "detached": false, "breakaway": null, "absorb_windows_console_controls": false}
{"ts": "2026-08-23T03:46:35.100127+00:00", "tag": "asyncio.run.returned", "pid": 1692, "python": "3.13.5", "platform": "linux", "success": false}
{"ts": "2026-08-23T03:46:35.103365+00:00", "tag": "gateway.exit_nonzero", "pid": 1692, "python": "3.13.5", "platform": "linux"}
{"ts": "2026-08-23T04:29:39.957713+00:00", "tag": "asyncio.run.returned", "pid": 1673, "python": "3.13.5", "platform": "linux", "success": false}
{"ts": "2026-08-23T04:29:39.963336+00:00", "tag": "gateway.exit_nonzero", "pid": 1673, "python": "3.13.5", "platform": "linux"}
{"ts": "2026-08-23T04:30:25.965147+00:00", "tag": "gateway.start", "pid": 315, "python": "3.13.5", "platform": "linux", "replace": true, "argv": ["/opt/hermes/.venv/bin/hermes", "gateway", "run", "--replace"], "stdin_is_tty": false, "console_window_attached": null, "detached": false, "breakaway": null, "absorb_windows_console_controls": false}
{"ts": "2026-08-23T04:30:37.851771+00:00", "tag": "asyncio.run.returned", "pid": 315, "python": "3.13.5", "platform": "linux", "success": true}
{"ts": "2026-08-23T04:30:37.855132+00:00", "tag": "gateway.exit_clean", "pid": 315, "python": "3.13.5", "platform": "linux"}
{"ts": "2026-08-23T04:31:14.178171+00:00", "tag": "gateway.start", "pid": 300, "python": "3.13.5", "platform": "linux", "replace": true, "argv": ["/opt/hermes/.venv/bin/hermes", "gateway", "run", "--replace"], "stdin_is_tty": false, "console_window_attached": null, "detached": false, "breakaway": null, "absorb_windows_console_controls": false}
{"ts": "2026-08-23T04:32:30.974620+00:00", "tag": "asyncio.run.returned", "pid": 300, "python": "3.13.5", "platform": "linux", "success": false}
{"ts": "2026-08-23T04:32:30.976900+00:00", "tag": "gateway.exit_nonzero", "pid": 300, "python": "3.13.5", "platform": "linux"}
{"ts": "2026-08-23T04:33:09.176330+00:00", "tag": "gateway.start", "pid": 268, "python": "3.13.5", "platform": "linux", "replace": true, "argv": ["/opt/hermes/.venv/bin/hermes", "gateway", "run", "--replace"], "stdin_is_tty": false, "console_window_attached": null, "detached": false, "breakaway": null, "absorb_windows_console_controls": false}
{"ts": "2026-08-23T04:54:46.402406+00:00", "tag": "asyncio.run.returned", "pid": 268, "python": "3.13.5", "platform": "linux", "success": false}
{"ts": "2026-08-23T04:54:46.405058+00:00", "tag": "gateway.exit_nonzero", "pid": 268, "python": "3.13.5", "platform": "linux"}
{"ts": "2026-08-23T04:54:52.243136+00:00", "tag": "gateway.start", "pid": 3412, "python": "3.13.5", "platform": "linux", "replace": false, "argv": ["/opt/hermes/.venv/bin/hermes", "gateway", "run", "--no-supervise", "--force"], "stdin_is_tty": false, "console_window_attached": null, "detached": false, "breakaway": null, "absorb_windows_console_controls": false}
{"ts": "2026-08-23T04:54:52.322779+00:00", "tag": "gateway.start", "pid": 3418, "python": "3.13.5", "platform": "linux", "replace": true, "argv": ["/opt/hermes/.venv/bin/hermes", "gateway", "run", "--replace"], "stdin_is_tty": false, "console_window_attached": null, "detached": false, "breakaway": null, "absorb_windows_console_controls": false}
{"ts": "2026-08-23T04:54:58.299844+00:00", "tag": "asyncio.run.returned", "pid": 3418, "python": "3.13.5", "platform": "linux", "success": false}
{"ts": "2026-08-23T04:54:58.302333+00:00", "tag": "gateway.exit_nonzero", "pid": 3418, "python": "3.13.5", "platform": "linux"}
{"ts": "2026-08-23T04:55:03.314337+00:00", "tag": "gateway.start", "pid": 3475, "python": "3.13.5", "platform": "linux", "replace": true, "argv": ["/opt/hermes/.venv/bin/hermes", "gateway", "run", "--replace"], "stdin_is_tty": false, "console_window_attached": null, "detached": false, "breakaway": null, "absorb_windows_console_controls": false}
{"ts": "2026-08-23T04:55:04.358688+00:00", "tag": "asyncio.run.returned", "pid": 3412, "python": "3.13.5", "platform": "linux", "success": true}
{"ts": "2026-08-23T04:55:04.359760+00:00", "tag": "gateway.exit_clean", "pid": 3412, "python": "3.13.5", "platform": "linux"}
