{"ts": "2026-08-21T23:35:37.761386+00:00", "tag": "gateway.start", "pid": 527, "python": "3.13.5", "platform": "linux", "replace": true, "argv": ["/opt/hermes/.venv/bin/hermes", "gateway", "run", "--replace"], "stdin_is_tty": false, "console_window_attached": null, "detached": false, "breakaway": null, "absorb_windows_console_controls": false}
{"ts": "2026-08-21T23:39:11.768669+00:00", "tag": "asyncio.run.returned", "pid": 527, "python": "3.13.5", "platform": "linux", "success": false}
{"ts": "2026-08-21T23:39:11.771348+00:00", "tag": "gateway.exit_nonzero", "pid": 527, "python": "3.13.5", "platform": "linux"}
{"ts": "2026-08-21T23:39:24.530845+00:00", "tag": "gateway.start", "pid": 791, "python": "3.13.5", "platform": "linux", "replace": false, "argv": ["/opt/hermes/.venv/bin/hermes", "gateway", "run", "--no-supervise", "--force"], "stdin_is_tty": false, "console_window_attached": null, "detached": false, "breakaway": null, "absorb_windows_console_controls": false}
{"ts": "2026-08-21T23:41:53.681014+00:00", "tag": "asyncio.run.returned", "pid": 791, "python": "3.13.5", "platform": "linux", "success": false}
{"ts": "2026-08-21T23:41:53.684766+00:00", "tag": "gateway.exit_nonzero", "pid": 791, "python": "3.13.5", "platform": "linux"}
{"ts": "2026-08-21T23:41:59.156234+00:00", "tag": "gateway.start", "pid": 1006, "python": "3.13.5", "platform": "linux", "replace": false, "argv": ["/opt/hermes/.venv/bin/hermes", "gateway", "run", "--no-supervise", "--force"], "stdin_is_tty": false, "console_window_attached": null, "detached": false, "breakaway": null, "absorb_windows_console_controls": false}
{"ts": "2026-08-21T23:42:05.015946+00:00", "tag": "asyncio.run.returned", "pid": 1006, "python": "3.13.5", "platform": "linux", "success": false}
{"ts": "2026-08-21T23:42:05.017736+00:00", "tag": "gateway.exit_nonzero", "pid": 1006, "python": "3.13.5", "platform": "linux"}
{"ts": "2026-08-21T23:42:10.044842+00:00", "tag": "gateway.start", "pid": 1204, "python": "3.13.5", "platform": "linux", "replace": false, "argv": ["/opt/hermes/.venv/bin/hermes", "gateway", "run", "--no-supervise", "--force"], "stdin_is_tty": false, "console_window_attached": null, "detached": false, "breakaway": null, "absorb_windows_console_controls": false}
{"ts": "2026-08-21T23:51:32.122365+00:00", "tag": "asyncio.run.returned", "pid": 1204, "python": "3.13.5", "platform": "linux", "success": false}
{"ts": "2026-08-21T23:51:32.124567+00:00", "tag": "gateway.exit_nonzero", "pid": 1204, "python": "3.13.5", "platform": "linux"}
{"ts": "2026-08-21T23:51:37.239791+00:00", "tag": "gateway.start", "pid": 1467, "python": "3.13.5", "platform": "linux", "replace": false, "argv": ["/opt/hermes/.venv/bin/hermes", "gateway", "run", "--no-supervise", "--force"], "stdin_is_tty": false, "console_window_attached": null, "detached": false, "breakaway": null, "absorb_windows_console_controls": false}
{"ts": "2026-08-21T23:51:44.375046+00:00", "tag": "asyncio.run.returned", "pid": 1467, "python": "3.13.5", "platform": "linux", "success": true}
{"ts": "2026-08-21T23:51:44.377584+00:00", "tag": "gateway.exit_clean", "pid": 1467, "python": "3.13.5", "platform": "linux"}
{"ts": "2026-08-21T23:51:49.469268+00:00", "tag": "gateway.start", "pid": 1654, "python": "3.13.5", "platform": "linux", "replace": false, "argv": ["/opt/hermes/.venv/bin/hermes", "gateway", "run", "--no-supervise", "--force"], "stdin_is_tty": false, "console_window_attached": null, "detached": false, "breakaway": null, "absorb_windows_console_controls": false}
{"ts": "2026-08-22T02:15:38.053012+00:00", "tag": "asyncio.run.returned", "pid": 1654, "python": "3.13.5", "platform": "linux", "success": false}
{"ts": "2026-08-22T02:15:38.056545+00:00", "tag": "gateway.exit_nonzero", "pid": 1654, "python": "3.13.5", "platform": "linux"}
{"ts": "2026-08-22T02:15:45.252789+00:00", "tag": "gateway.start", "pid": 2680, "python": "3.13.5", "platform": "linux", "replace": false, "argv": ["/opt/hermes/.venv/bin/hermes", "gateway", "run", "--no-supervise", "--force"], "stdin_is_tty": false, "console_window_attached": null, "detached": false, "breakaway": null, "absorb_windows_console_controls": false}
{"ts": "2026-08-22T02:57:38.515505+00:00", "tag": "asyncio.run.returned", "pid": 2680, "python": "3.13.5", "platform": "linux", "success": false}
{"ts": "2026-08-22T02:57:38.518380+00:00", "tag": "gateway.exit_nonzero", "pid": 2680, "python": "3.13.5", "platform": "linux"}
{"ts": "2026-08-22T03:00:01.294792+00:00", "tag": "gateway.start", "pid": 7914, "python": "3.13.5", "platform": "linux", "replace": false, "argv": ["/opt/hermes/.venv/bin/hermes", "gateway", "run", "--no-supervise", "--force"], "stdin_is_tty": false, "console_window_attached": null, "detached": false, "breakaway": null, "absorb_windows_console_controls": false}
{"ts": "2026-08-22T03:04:04.353525+00:00", "tag": "asyncio.run.returned", "pid": 7914, "python": "3.13.5", "platform": "linux", "success": false}
{"ts": "2026-08-22T03:04:04.356084+00:00", "tag": "gateway.exit_nonzero", "pid": 7914, "python": "3.13.5", "platform": "linux"}
{"ts": "2026-08-22T03:04:08.544390+00:00", "tag": "gateway.start", "pid": 9048, "python": "3.13.5", "platform": "linux", "replace": false, "argv": ["/opt/hermes/.venv/bin/hermes", "gateway", "run", "--no-supervise", "--force"], "stdin_is_tty": false, "console_window_attached": null, "detached": false, "breakaway": null, "absorb_windows_console_controls": false}
{"ts": "2026-08-22T03:12:51.671311+00:00", "tag": "asyncio.run.returned", "pid": 9048, "python": "3.13.5", "platform": "linux", "success": false}
{"ts": "2026-08-22T03:12:51.675557+00:00", "tag": "gateway.exit_nonzero", "pid": 9048, "python": "3.13.5", "platform": "linux"}
{"ts": "2026-08-22T03:12:57.352633+00:00", "tag": "gateway.start", "pid": 11967, "python": "3.13.5", "platform": "linux", "replace": false, "argv": ["/opt/hermes/.venv/bin/hermes", "gateway", "run", "--no-supervise", "--force"], "stdin_is_tty": false, "console_window_attached": null, "detached": false, "breakaway": null, "absorb_windows_console_controls": false}
{"ts": "2026-08-22T03:46:11.704518+00:00", "tag": "asyncio.run.returned", "pid": 11967, "python": "3.13.5", "platform": "linux", "success": false}
{"ts": "2026-08-22T03:46:11.707690+00:00", "tag": "gateway.exit_nonzero", "pid": 11967, "python": "3.13.5", "platform": "linux"}
{"ts": "2026-08-22T05:37:34.039370+00:00", "tag": "gateway.start", "pid": 17801, "python": "3.13.5", "platform": "linux", "replace": false, "argv": ["/opt/hermes/.venv/bin/hermes", "gateway", "run", "--no-supervise", "--force"], "stdin_is_tty": false, "console_window_attached": null, "detached": false, "breakaway": null, "absorb_windows_console_controls": false}
{"ts": "2026-08-22T05:45:42.538390+00:00", "tag": "gateway.start", "pid": 241, "python": "3.13.5", "platform": "linux", "replace": true, "argv": ["/opt/hermes/.venv/bin/hermes", "gateway", "run", "--replace"], "stdin_is_tty": false, "console_window_attached": null, "detached": false, "breakaway": null, "absorb_windows_console_controls": false}
{"ts": "2026-08-22T05:45:50.974218+00:00", "tag": "gateway.previous_unclean_exit", "pid": 241, "prior_pid": 17801, "prior_started_at": "2026-08-22T05:37:38.666977+00:00", "prior_start_time": 1787377058.6669707, "last_heartbeat_at": "2026-08-22T05:45:43.461507+00:00", "last_heartbeat_mem": {"rss_kib": 160592, "mem_total_kib": 8126824, "mem_available_kib": 3031564, "swap_used_kib": 0}}
{"ts": "2026-08-22T05:46:12.646887+00:00", "tag": "asyncio.run.returned", "pid": 241, "python": "3.13.5", "platform": "linux", "success": false}
{"ts": "2026-08-22T05:46:12.649261+00:00", "tag": "gateway.exit_nonzero", "pid": 241, "python": "3.13.5", "platform": "linux"}
{"ts": "2026-08-22T05:48:29.291975+00:00", "tag": "gateway.start", "pid": 238, "python": "3.13.5", "platform": "linux", "replace": true, "argv": ["/opt/hermes/.venv/bin/hermes", "gateway", "run", "--replace"], "stdin_is_tty": false, "console_window_attached": null, "detached": false, "breakaway": null, "absorb_windows_console_controls": false}
{"ts": "2026-08-22T05:48:51.006431+00:00", "tag": "asyncio.run.returned", "pid": 238, "python": "3.13.5", "platform": "linux", "success": false}
{"ts": "2026-08-22T05:48:51.009978+00:00", "tag": "gateway.exit_nonzero", "pid": 238, "python": "3.13.5", "platform": "linux"}
{"ts": "2026-08-22T06:20:54.320485+00:00", "tag": "asyncio.run.returned", "pid": 17801, "python": "3.13.5", "platform": "linux", "success": false}
{"ts": "2026-08-22T06:20:54.322521+00:00", "tag": "gateway.exit_nonzero", "pid": 17801, "python": "3.13.5", "platform": "linux"}
{"ts": "2026-08-22T06:21:14.874651+00:00", "tag": "gateway.start", "pid": 245, "python": "3.13.5", "platform": "linux", "replace": true, "argv": ["/opt/hermes/.venv/bin/hermes", "gateway", "run", "--replace"], "stdin_is_tty": false, "console_window_attached": null, "detached": false, "breakaway": null, "absorb_windows_console_controls": false}
{"ts": "2026-08-22T06:25:24.811086+00:00", "tag": "asyncio.run.returned", "pid": 245, "python": "3.13.5", "platform": "linux", "success": false}
{"ts": "2026-08-22T06:25:24.813319+00:00", "tag": "gateway.exit_nonzero", "pid": 245, "python": "3.13.5", "platform": "linux"}
{"ts": "2026-08-22T06:25:45.487762+00:00", "tag": "gateway.start", "pid": 252, "python": "3.13.5", "platform": "linux", "replace": true, "argv": ["/opt/hermes/.venv/bin/hermes", "gateway", "run", "--replace"], "stdin_is_tty": false, "console_window_attached": null, "detached": false, "breakaway": null, "absorb_windows_console_controls": false}
{"ts": "2026-08-22T06:33:37.094558+00:00", "tag": "asyncio.run.returned", "pid": 252, "python": "3.13.5", "platform": "linux", "success": false}
{"ts": "2026-08-22T06:33:37.098155+00:00", "tag": "gateway.exit_nonzero", "pid": 252, "python": "3.13.5", "platform": "linux"}
{"ts": "2026-08-22T06:34:16.385921+00:00", "tag": "gateway.start", "pid": 254, "python": "3.13.5", "platform": "linux", "replace": true, "argv": ["/opt/hermes/.venv/bin/hermes", "gateway", "run", "--replace"], "stdin_is_tty": false, "console_window_attached": null, "detached": false, "breakaway": null, "absorb_windows_console_controls": false}
{"ts": "2026-08-22T06:45:21.183889+00:00", "tag": "asyncio.run.returned", "pid": 254, "python": "3.13.5", "platform": "linux", "success": false}
{"ts": "2026-08-22T06:45:21.186778+00:00", "tag": "gateway.exit_nonzero", "pid": 254, "python": "3.13.5", "platform": "linux"}
{"ts": "2026-08-22T06:45:42.401938+00:00", "tag": "gateway.start", "pid": 236, "python": "3.13.5", "platform": "linux", "replace": true, "argv": ["/opt/hermes/.venv/bin/hermes", "gateway", "run", "--replace"], "stdin_is_tty": false, "console_window_attached": null, "detached": false, "breakaway": null, "absorb_windows_console_controls": false}
{"ts": "2026-08-22T06:55:59.571996+00:00", "tag": "asyncio.run.returned", "pid": 236, "python": "3.13.5", "platform": "linux", "success": false}
{"ts": "2026-08-22T06:55:59.579364+00:00", "tag": "gateway.exit_nonzero", "pid": 236, "python": "3.13.5", "platform": "linux"}
{"ts": "2026-08-22T06:56:37.116369+00:00", "tag": "gateway.start", "pid": 274, "python": "3.13.5", "platform": "linux", "replace": true, "argv": ["/opt/hermes/.venv/bin/hermes", "gateway", "run", "--replace"], "stdin_is_tty": false, "console_window_attached": null, "detached": false, "breakaway": null, "absorb_windows_console_controls": false}
{"ts": "2026-08-22T21:17:47.663779+00:00", "tag": "asyncio.run.returned", "pid": 274, "python": "3.13.5", "platform": "linux", "success": false}
{"ts": "2026-08-22T21:17:47.672852+00:00", "tag": "gateway.exit_nonzero", "pid": 274, "python": "3.13.5", "platform": "linux"}
{"ts": "2026-08-22T21:18:15.373610+00:00", "tag": "gateway.start", "pid": 282, "python": "3.13.5", "platform": "linux", "replace": true, "argv": ["/opt/hermes/.venv/bin/hermes", "gateway", "run", "--replace"], "stdin_is_tty": false, "console_window_attached": null, "detached": false, "breakaway": null, "absorb_windows_console_controls": false}
{"ts": "2026-08-22T21:40:40.431315+00:00", "tag": "asyncio.run.returned", "pid": 282, "python": "3.13.5", "platform": "linux", "success": false}
{"ts": "2026-08-22T21:40:40.434995+00:00", "tag": "gateway.exit_nonzero", "pid": 282, "python": "3.13.5", "platform": "linux"}
{"ts": "2026-08-22T21:41:13.710076+00:00", "tag": "gateway.start", "pid": 290, "python": "3.13.5", "platform": "linux", "replace": true, "argv": ["/opt/hermes/.venv/bin/hermes", "gateway", "run", "--replace"], "stdin_is_tty": false, "console_window_attached": null, "detached": false, "breakaway": null, "absorb_windows_console_controls": false}
{"ts": "2026-08-22T21:41:28.894153+00:00", "tag": "asyncio.run.returned", "pid": 290, "python": "3.13.5", "platform": "linux", "success": false}
{"ts": "2026-08-22T21:41:28.895612+00:00", "tag": "gateway.exit_nonzero", "pid": 290, "python": "3.13.5", "platform": "linux"}
{"ts": "2026-08-22T21:41:52.816080+00:00", "tag": "gateway.start", "pid": 275, "python": "3.13.5", "platform": "linux", "replace": true, "argv": ["/opt/hermes/.venv/bin/hermes", "gateway", "run", "--replace"], "stdin_is_tty": false, "console_window_attached": null, "detached": false, "breakaway": null, "absorb_windows_console_controls": false}
{"ts": "2026-08-22T22:02:39.753209+00:00", "tag": "asyncio.run.returned", "pid": 275, "python": "3.13.5", "platform": "linux", "success": false}
{"ts": "2026-08-22T22:02:39.755474+00:00", "tag": "gateway.exit_nonzero", "pid": 275, "python": "3.13.5", "platform": "linux"}
{"ts": "2026-08-22T22:03:13.162165+00:00", "tag": "gateway.start", "pid": 259, "python": "3.13.5", "platform": "linux", "replace": true, "argv": ["/opt/hermes/.venv/bin/hermes", "gateway", "run", "--replace"], "stdin_is_tty": false, "console_window_attached": null, "detached": false, "breakaway": null, "absorb_windows_console_controls": false}
{"ts": "2026-08-23T03:46:17.736805+00:00", "tag": "asyncio.run.returned", "pid": 259, "python": "3.13.5", "platform": "linux", "success": false}
{"ts": "2026-08-23T03:46:17.740627+00:00", "tag": "gateway.exit_nonzero", "pid": 259, "python": "3.13.5", "platform": "linux"}
{"ts": "2026-08-23T03:46:29.105558+00:00", "tag": "gateway.start", "pid": 1681, "python": "3.13.5", "platform": "linux", "replace": true, "argv": ["/opt/hermes/.venv/bin/hermes", "gateway", "run", "--replace"], "stdin_is_tty": false, "console_window_attached": null, "detached": false, "breakaway": null, "absorb_windows_console_controls": false}
{"ts": "2026-08-23T03:46:29.376251+00:00", "tag": "gateway.start", "pid": 1693, "python": "3.13.5", "platform": "linux", "replace": false, "argv": ["/opt/hermes/.venv/bin/hermes", "gateway", "run", "--no-supervise", "--force"], "stdin_is_tty": false, "console_window_attached": null, "detached": false, "breakaway": null, "absorb_windows_console_controls": false}
{"ts": "2026-08-23T03:46:35.257748+00:00", "tag": "asyncio.run.returned", "pid": 1681, "python": "3.13.5", "platform": "linux", "success": false}
{"ts": "2026-08-23T03:46:35.260375+00:00", "tag": "gateway.exit_nonzero", "pid": 1681, "python": "3.13.5", "platform": "linux"}
{"ts": "2026-08-23T03:46:40.192210+00:00", "tag": "gateway.start", "pid": 1770, "python": "3.13.5", "platform": "linux", "replace": true, "argv": ["/opt/hermes/.venv/bin/hermes", "gateway", "run", "--replace"], "stdin_is_tty": false, "console_window_attached": null, "detached": false, "breakaway": null, "absorb_windows_console_controls": false}
{"ts": "2026-08-23T03:46:41.034916+00:00", "tag": "asyncio.run.returned", "pid": 1693, "python": "3.13.5", "platform": "linux", "success": true}
{"ts": "2026-08-23T03:46:41.037412+00:00", "tag": "gateway.exit_clean", "pid": 1693, "python": "3.13.5", "platform": "linux"}
{"ts": "2026-08-23T04:30:25.795051+00:00", "tag": "gateway.start", "pid": 337, "python": "3.13.5", "platform": "linux", "replace": true, "argv": ["/opt/hermes/.venv/bin/hermes", "gateway", "run", "--replace"], "stdin_is_tty": false, "console_window_attached": null, "detached": false, "breakaway": null, "absorb_windows_console_controls": false}
{"ts": "2026-08-23T04:30:32.341478+00:00", "tag": "gateway.previous_unclean_exit", "pid": 337, "prior_pid": 1770, "prior_started_at": "2026-08-23T03:46:45.685150+00:00", "prior_start_time": 1787456805.6851473, "last_heartbeat_at": "2026-08-23T04:29:20.459439+00:00", "last_heartbeat_mem": {"rss_kib": 309796, "mem_total_kib": 8126824, "mem_available_kib": 5611532, "swap_used_kib": 0}}
{"ts": "2026-08-23T04:30:37.870112+00:00", "tag": "asyncio.run.returned", "pid": 337, "python": "3.13.5", "platform": "linux", "success": true}
{"ts": "2026-08-23T04:30:37.873584+00:00", "tag": "gateway.exit_clean", "pid": 337, "python": "3.13.5", "platform": "linux"}
{"ts": "2026-08-23T04:31:14.173074+00:00", "tag": "gateway.start", "pid": 318, "python": "3.13.5", "platform": "linux", "replace": true, "argv": ["/opt/hermes/.venv/bin/hermes", "gateway", "run", "--replace"], "stdin_is_tty": false, "console_window_attached": null, "detached": false, "breakaway": null, "absorb_windows_console_controls": false}
{"ts": "2026-08-23T04:32:30.731763+00:00", "tag": "asyncio.run.returned", "pid": 318, "python": "3.13.5", "platform": "linux", "success": false}
{"ts": "2026-08-23T04:32:30.734223+00:00", "tag": "gateway.exit_nonzero", "pid": 318, "python": "3.13.5", "platform": "linux"}
{"ts": "2026-08-23T04:33:09.107857+00:00", "tag": "gateway.start", "pid": 296, "python": "3.13.5", "platform": "linux", "replace": true, "argv": ["/opt/hermes/.venv/bin/hermes", "gateway", "run", "--replace"], "stdin_is_tty": false, "console_window_attached": null, "detached": false, "breakaway": null, "absorb_windows_console_controls": false}
{"ts": "2026-08-23T04:54:47.751865+00:00", "tag": "asyncio.run.returned", "pid": 296, "python": "3.13.5", "platform": "linux", "success": false}
{"ts": "2026-08-23T04:54:47.754085+00:00", "tag": "gateway.exit_nonzero", "pid": 296, "python": "3.13.5", "platform": "linux"}
{"ts": "2026-08-23T04:54:52.230494+00:00", "tag": "gateway.start", "pid": 3414, "python": "3.13.5", "platform": "linux", "replace": false, "argv": ["/opt/hermes/.venv/bin/hermes", "gateway", "run", "--no-supervise", "--force"], "stdin_is_tty": false, "console_window_attached": null, "detached": false, "breakaway": null, "absorb_windows_console_controls": false}
{"ts": "2026-08-23T04:54:53.860702+00:00", "tag": "gateway.start", "pid": 3438, "python": "3.13.5", "platform": "linux", "replace": true, "argv": ["/opt/hermes/.venv/bin/hermes", "gateway", "run", "--replace"], "stdin_is_tty": false, "console_window_attached": null, "detached": false, "breakaway": null, "absorb_windows_console_controls": false}
{"ts": "2026-08-23T04:55:00.043850+00:00", "tag": "asyncio.run.returned", "pid": 3438, "python": "3.13.5", "platform": "linux", "success": false}
{"ts": "2026-08-23T04:55:00.046286+00:00", "tag": "gateway.exit_nonzero", "pid": 3438, "python": "3.13.5", "platform": "linux"}
{"ts": "2026-08-23T04:55:04.917055+00:00", "tag": "gateway.start", "pid": 3493, "python": "3.13.5", "platform": "linux", "replace": true, "argv": ["/opt/hermes/.venv/bin/hermes", "gateway", "run", "--replace"], "stdin_is_tty": false, "console_window_attached": null, "detached": false, "breakaway": null, "absorb_windows_console_controls": false}
{"ts": "2026-08-23T04:55:11.910180+00:00", "tag": "asyncio.run.returned", "pid": 3414, "python": "3.13.5", "platform": "linux", "success": true}
{"ts": "2026-08-23T04:55:11.911824+00:00", "tag": "gateway.exit_clean", "pid": 3414, "python": "3.13.5", "platform": "linux"}
