{"ts": "2026-08-22T00:12:32.267947+00:00", "tag": "gateway.start", "pid": 1973, "python": "3.13.5", "platform": "linux", "replace": false, "argv": ["/opt/hermes/.venv/bin/hermes", "gateway", "run", "--no-supervise", "--force"], "stdin_is_tty": false, "console_window_attached": null, "detached": false, "breakaway": null, "absorb_windows_console_controls": false}
{"ts": "2026-08-22T02:15:37.937891+00:00", "tag": "asyncio.run.returned", "pid": 1973, "python": "3.13.5", "platform": "linux", "success": false}
{"ts": "2026-08-22T02:15:37.942862+00:00", "tag": "gateway.exit_nonzero", "pid": 1973, "python": "3.13.5", "platform": "linux"}
{"ts": "2026-08-22T02:15:45.473049+00:00", "tag": "gateway.start", "pid": 2689, "python": "3.13.5", "platform": "linux", "replace": false, "argv": ["/opt/hermes/.venv/bin/hermes", "gateway", "run", "--no-supervise", "--force"], "stdin_is_tty": false, "console_window_attached": null, "detached": false, "breakaway": null, "absorb_windows_console_controls": false}
{"ts": "2026-08-22T02:30:44.654627+00:00", "tag": "asyncio.run.returned", "pid": 2689, "python": "3.13.5", "platform": "linux", "success": false}
{"ts": "2026-08-22T02:30:44.656539+00:00", "tag": "gateway.exit_nonzero", "pid": 2689, "python": "3.13.5", "platform": "linux"}
{"ts": "2026-08-22T02:30:50.113482+00:00", "tag": "gateway.start", "pid": 3169, "python": "3.13.5", "platform": "linux", "replace": false, "argv": ["/opt/hermes/.venv/bin/hermes", "gateway", "run", "--no-supervise", "--force"], "stdin_is_tty": false, "console_window_attached": null, "detached": false, "breakaway": null, "absorb_windows_console_controls": false}
{"ts": "2026-08-22T02:31:24.955032+00:00", "tag": "asyncio.run.returned", "pid": 3169, "python": "3.13.5", "platform": "linux", "success": false}
{"ts": "2026-08-22T02:31:24.957541+00:00", "tag": "gateway.exit_nonzero", "pid": 3169, "python": "3.13.5", "platform": "linux"}
{"ts": "2026-08-22T02:31:29.894182+00:00", "tag": "gateway.start", "pid": 3210, "python": "3.13.5", "platform": "linux", "replace": false, "argv": ["/opt/hermes/.venv/bin/hermes", "gateway", "run", "--no-supervise", "--force"], "stdin_is_tty": false, "console_window_attached": null, "detached": false, "breakaway": null, "absorb_windows_console_controls": false}
{"ts": "2026-08-22T02:57:38.263444+00:00", "tag": "asyncio.run.returned", "pid": 3210, "python": "3.13.5", "platform": "linux", "success": false}
{"ts": "2026-08-22T02:57:38.265977+00:00", "tag": "gateway.exit_nonzero", "pid": 3210, "python": "3.13.5", "platform": "linux"}
{"ts": "2026-08-22T03:00:01.454992+00:00", "tag": "gateway.start", "pid": 7923, "python": "3.13.5", "platform": "linux", "replace": false, "argv": ["/opt/hermes/.venv/bin/hermes", "gateway", "run", "--no-supervise", "--force"], "stdin_is_tty": false, "console_window_attached": null, "detached": false, "breakaway": null, "absorb_windows_console_controls": false}
{"ts": "2026-08-22T03:04:02.595450+00:00", "tag": "asyncio.run.returned", "pid": 7923, "python": "3.13.5", "platform": "linux", "success": false}
{"ts": "2026-08-22T03:04:02.600093+00:00", "tag": "gateway.exit_nonzero", "pid": 7923, "python": "3.13.5", "platform": "linux"}
{"ts": "2026-08-22T03:04:08.643853+00:00", "tag": "gateway.start", "pid": 9060, "python": "3.13.5", "platform": "linux", "replace": false, "argv": ["/opt/hermes/.venv/bin/hermes", "gateway", "run", "--no-supervise", "--force"], "stdin_is_tty": false, "console_window_attached": null, "detached": false, "breakaway": null, "absorb_windows_console_controls": false}
{"ts": "2026-08-22T03:12:51.918458+00:00", "tag": "asyncio.run.returned", "pid": 9060, "python": "3.13.5", "platform": "linux", "success": false}
{"ts": "2026-08-22T03:12:51.922325+00:00", "tag": "gateway.exit_nonzero", "pid": 9060, "python": "3.13.5", "platform": "linux"}
{"ts": "2026-08-22T03:12:57.607582+00:00", "tag": "gateway.start", "pid": 11975, "python": "3.13.5", "platform": "linux", "replace": false, "argv": ["/opt/hermes/.venv/bin/hermes", "gateway", "run", "--no-supervise", "--force"], "stdin_is_tty": false, "console_window_attached": null, "detached": false, "breakaway": null, "absorb_windows_console_controls": false}
{"ts": "2026-08-22T03:46:07.996404+00:00", "tag": "asyncio.run.returned", "pid": 11975, "python": "3.13.5", "platform": "linux", "success": false}
{"ts": "2026-08-22T03:46:07.999209+00:00", "tag": "gateway.exit_nonzero", "pid": 11975, "python": "3.13.5", "platform": "linux"}
{"ts": "2026-08-22T05:37:34.092661+00:00", "tag": "gateway.start", "pid": 17809, "python": "3.13.5", "platform": "linux", "replace": false, "argv": ["/opt/hermes/.venv/bin/hermes", "gateway", "run", "--no-supervise", "--force"], "stdin_is_tty": false, "console_window_attached": null, "detached": false, "breakaway": null, "absorb_windows_console_controls": false}
{"ts": "2026-08-22T05:45:42.414717+00:00", "tag": "gateway.start", "pid": 242, "python": "3.13.5", "platform": "linux", "replace": true, "argv": ["/opt/hermes/.venv/bin/hermes", "gateway", "run", "--replace"], "stdin_is_tty": false, "console_window_attached": null, "detached": false, "breakaway": null, "absorb_windows_console_controls": false}
{"ts": "2026-08-22T05:45:50.865367+00:00", "tag": "gateway.previous_unclean_exit", "pid": 242, "prior_pid": 17809, "prior_started_at": "2026-08-22T05:37:38.752657+00:00", "prior_start_time": 1787377058.7526531, "last_heartbeat_at": "2026-08-22T05:45:43.316569+00:00", "last_heartbeat_mem": {"rss_kib": 292236, "mem_total_kib": 8126824, "mem_available_kib": 3031928, "swap_used_kib": 0}}
{"ts": "2026-08-22T05:48:29.304129+00:00", "tag": "gateway.start", "pid": 226, "python": "3.13.5", "platform": "linux", "replace": true, "argv": ["/opt/hermes/.venv/bin/hermes", "gateway", "run", "--replace"], "stdin_is_tty": false, "console_window_attached": null, "detached": false, "breakaway": null, "absorb_windows_console_controls": false}
{"ts": "2026-08-22T05:48:37.649084+00:00", "tag": "gateway.previous_unclean_exit", "pid": 226, "prior_pid": 242, "prior_started_at": "2026-08-22T05:45:50.872056+00:00", "prior_start_time": 1787377550.8720505, "last_heartbeat_at": "2026-08-22T05:48:13.354721+00:00", "last_heartbeat_mem": {"rss_kib": 315792, "mem_total_kib": 8126824, "mem_available_kib": 3897296, "swap_used_kib": 0}}
{"ts": "2026-08-22T06:20:54.618218+00:00", "tag": "asyncio.run.returned", "pid": 17809, "python": "3.13.5", "platform": "linux", "success": false}
{"ts": "2026-08-22T06:20:54.621357+00:00", "tag": "gateway.exit_nonzero", "pid": 17809, "python": "3.13.5", "platform": "linux"}
{"ts": "2026-08-22T06:21:14.918906+00:00", "tag": "gateway.start", "pid": 233, "python": "3.13.5", "platform": "linux", "replace": true, "argv": ["/opt/hermes/.venv/bin/hermes", "gateway", "run", "--replace"], "stdin_is_tty": false, "console_window_attached": null, "detached": false, "breakaway": null, "absorb_windows_console_controls": false}
{"ts": "2026-08-22T06:21:20.412553+00:00", "tag": "gateway.previous_unclean_exit", "pid": 233, "prior_pid": 226, "prior_started_at": "2026-08-22T05:48:37.656371+00:00", "prior_start_time": 1787377717.6563673, "last_heartbeat_at": "2026-08-22T06:20:33.708505+00:00", "last_heartbeat_mem": {"rss_kib": 319176, "mem_total_kib": 8126824, "mem_available_kib": 5444136, "swap_used_kib": 0}}
{"ts": "2026-08-22T06:25:25.703511+00:00", "tag": "asyncio.run.returned", "pid": 233, "python": "3.13.5", "platform": "linux", "success": false}
{"ts": "2026-08-22T06:25:25.705888+00:00", "tag": "gateway.exit_nonzero", "pid": 233, "python": "3.13.5", "platform": "linux"}
{"ts": "2026-08-22T06:25:45.565551+00:00", "tag": "gateway.start", "pid": 246, "python": "3.13.5", "platform": "linux", "replace": true, "argv": ["/opt/hermes/.venv/bin/hermes", "gateway", "run", "--replace"], "stdin_is_tty": false, "console_window_attached": null, "detached": false, "breakaway": null, "absorb_windows_console_controls": false}
{"ts": "2026-08-22T06:33:37.095269+00:00", "tag": "asyncio.run.returned", "pid": 246, "python": "3.13.5", "platform": "linux", "success": false}
{"ts": "2026-08-22T06:33:37.098135+00:00", "tag": "gateway.exit_nonzero", "pid": 246, "python": "3.13.5", "platform": "linux"}
{"ts": "2026-08-22T06:34:16.363629+00:00", "tag": "gateway.start", "pid": 258, "python": "3.13.5", "platform": "linux", "replace": true, "argv": ["/opt/hermes/.venv/bin/hermes", "gateway", "run", "--replace"], "stdin_is_tty": false, "console_window_attached": null, "detached": false, "breakaway": null, "absorb_windows_console_controls": false}
{"ts": "2026-08-22T06:45:21.181886+00:00", "tag": "asyncio.run.returned", "pid": 258, "python": "3.13.5", "platform": "linux", "success": false}
{"ts": "2026-08-22T06:45:21.185360+00:00", "tag": "gateway.exit_nonzero", "pid": 258, "python": "3.13.5", "platform": "linux"}
{"ts": "2026-08-22T06:45:42.358780+00:00", "tag": "gateway.start", "pid": 230, "python": "3.13.5", "platform": "linux", "replace": true, "argv": ["/opt/hermes/.venv/bin/hermes", "gateway", "run", "--replace"], "stdin_is_tty": false, "console_window_attached": null, "detached": false, "breakaway": null, "absorb_windows_console_controls": false}
{"ts": "2026-08-22T06:55:59.571794+00:00", "tag": "asyncio.run.returned", "pid": 230, "python": "3.13.5", "platform": "linux", "success": false}
{"ts": "2026-08-22T06:55:59.579284+00:00", "tag": "gateway.exit_nonzero", "pid": 230, "python": "3.13.5", "platform": "linux"}
{"ts": "2026-08-22T06:56:37.136604+00:00", "tag": "gateway.start", "pid": 258, "python": "3.13.5", "platform": "linux", "replace": true, "argv": ["/opt/hermes/.venv/bin/hermes", "gateway", "run", "--replace"], "stdin_is_tty": false, "console_window_attached": null, "detached": false, "breakaway": null, "absorb_windows_console_controls": false}
{"ts": "2026-08-22T21:17:47.401833+00:00", "tag": "asyncio.run.returned", "pid": 258, "python": "3.13.5", "platform": "linux", "success": false}
{"ts": "2026-08-22T21:17:47.409427+00:00", "tag": "gateway.exit_nonzero", "pid": 258, "python": "3.13.5", "platform": "linux"}
{"ts": "2026-08-22T21:18:15.250162+00:00", "tag": "gateway.start", "pid": 271, "python": "3.13.5", "platform": "linux", "replace": true, "argv": ["/opt/hermes/.venv/bin/hermes", "gateway", "run", "--replace"], "stdin_is_tty": false, "console_window_attached": null, "detached": false, "breakaway": null, "absorb_windows_console_controls": false}
{"ts": "2026-08-22T21:40:40.433348+00:00", "tag": "asyncio.run.returned", "pid": 271, "python": "3.13.5", "platform": "linux", "success": false}
{"ts": "2026-08-22T21:40:40.436118+00:00", "tag": "gateway.exit_nonzero", "pid": 271, "python": "3.13.5", "platform": "linux"}
{"ts": "2026-08-22T21:41:13.691901+00:00", "tag": "gateway.start", "pid": 282, "python": "3.13.5", "platform": "linux", "replace": true, "argv": ["/opt/hermes/.venv/bin/hermes", "gateway", "run", "--replace"], "stdin_is_tty": false, "console_window_attached": null, "detached": false, "breakaway": null, "absorb_windows_console_controls": false}
{"ts": "2026-08-22T21:41:28.616042+00:00", "tag": "asyncio.run.returned", "pid": 282, "python": "3.13.5", "platform": "linux", "success": true}
{"ts": "2026-08-22T21:41:28.618272+00:00", "tag": "gateway.exit_clean", "pid": 282, "python": "3.13.5", "platform": "linux"}
{"ts": "2026-08-22T21:41:52.799249+00:00", "tag": "gateway.start", "pid": 264, "python": "3.13.5", "platform": "linux", "replace": true, "argv": ["/opt/hermes/.venv/bin/hermes", "gateway", "run", "--replace"], "stdin_is_tty": false, "console_window_attached": null, "detached": false, "breakaway": null, "absorb_windows_console_controls": false}
{"ts": "2026-08-22T22:02:39.880110+00:00", "tag": "asyncio.run.returned", "pid": 264, "python": "3.13.5", "platform": "linux", "success": false}
{"ts": "2026-08-22T22:02:39.889101+00:00", "tag": "gateway.exit_nonzero", "pid": 264, "python": "3.13.5", "platform": "linux"}
{"ts": "2026-08-22T22:03:13.048617+00:00", "tag": "gateway.start", "pid": 255, "python": "3.13.5", "platform": "linux", "replace": true, "argv": ["/opt/hermes/.venv/bin/hermes", "gateway", "run", "--replace"], "stdin_is_tty": false, "console_window_attached": null, "detached": false, "breakaway": null, "absorb_windows_console_controls": false}
{"ts": "2026-08-23T03:46:17.632377+00:00", "tag": "asyncio.run.returned", "pid": 255, "python": "3.13.5", "platform": "linux", "success": false}
{"ts": "2026-08-23T03:46:17.636320+00:00", "tag": "gateway.exit_nonzero", "pid": 255, "python": "3.13.5", "platform": "linux"}
{"ts": "2026-08-23T03:46:28.663617+00:00", "tag": "gateway.start", "pid": 1677, "python": "3.13.5", "platform": "linux", "replace": true, "argv": ["/opt/hermes/.venv/bin/hermes", "gateway", "run", "--replace"], "stdin_is_tty": false, "console_window_attached": null, "detached": false, "breakaway": null, "absorb_windows_console_controls": false}
{"ts": "2026-08-23T03:46:29.320794+00:00", "tag": "gateway.start", "pid": 1694, "python": "3.13.5", "platform": "linux", "replace": false, "argv": ["/opt/hermes/.venv/bin/hermes", "gateway", "run", "--no-supervise", "--force"], "stdin_is_tty": false, "console_window_attached": null, "detached": false, "breakaway": null, "absorb_windows_console_controls": false}
{"ts": "2026-08-23T03:46:35.076651+00:00", "tag": "asyncio.run.returned", "pid": 1694, "python": "3.13.5", "platform": "linux", "success": false}
{"ts": "2026-08-23T03:46:35.080590+00:00", "tag": "gateway.exit_nonzero", "pid": 1694, "python": "3.13.5", "platform": "linux"}
{"ts": "2026-08-23T04:29:39.389933+00:00", "tag": "asyncio.run.returned", "pid": 1677, "python": "3.13.5", "platform": "linux", "success": false}
{"ts": "2026-08-23T04:29:39.398846+00:00", "tag": "gateway.exit_nonzero", "pid": 1677, "python": "3.13.5", "platform": "linux"}
{"ts": "2026-08-23T04:30:25.847166+00:00", "tag": "gateway.start", "pid": 314, "python": "3.13.5", "platform": "linux", "replace": true, "argv": ["/opt/hermes/.venv/bin/hermes", "gateway", "run", "--replace"], "stdin_is_tty": false, "console_window_attached": null, "detached": false, "breakaway": null, "absorb_windows_console_controls": false}
{"ts": "2026-08-23T04:30:37.867303+00:00", "tag": "asyncio.run.returned", "pid": 314, "python": "3.13.5", "platform": "linux", "success": true}
{"ts": "2026-08-23T04:30:37.876516+00:00", "tag": "gateway.exit_clean", "pid": 314, "python": "3.13.5", "platform": "linux"}
{"ts": "2026-08-23T04:31:14.143703+00:00", "tag": "gateway.start", "pid": 301, "python": "3.13.5", "platform": "linux", "replace": true, "argv": ["/opt/hermes/.venv/bin/hermes", "gateway", "run", "--replace"], "stdin_is_tty": false, "console_window_attached": null, "detached": false, "breakaway": null, "absorb_windows_console_controls": false}
{"ts": "2026-08-23T04:32:31.419684+00:00", "tag": "asyncio.run.returned", "pid": 301, "python": "3.13.5", "platform": "linux", "success": false}
{"ts": "2026-08-23T04:32:31.422953+00:00", "tag": "gateway.exit_nonzero", "pid": 301, "python": "3.13.5", "platform": "linux"}
{"ts": "2026-08-23T04:33:09.100445+00:00", "tag": "gateway.start", "pid": 272, "python": "3.13.5", "platform": "linux", "replace": true, "argv": ["/opt/hermes/.venv/bin/hermes", "gateway", "run", "--replace"], "stdin_is_tty": false, "console_window_attached": null, "detached": false, "breakaway": null, "absorb_windows_console_controls": false}
