[tui-parent] 2026-08-22T05:32:11.241Z [lifecycle] spawned gateway child pid=17534 killed=false exitCode=null signal=null python=/opt/hermes/.venv/bin/python3 cwd=/opt/data
[tui-parent] 2026-08-22T06:19:34.423Z graceful-exit received signal=SIGHUP → killing gateway
[tui-parent] 2026-08-22T06:19:34.442Z [lifecycle] GatewayClient.kill reason=graceful-exit-cleanup pid=17534 killed=true exitCode=null signal=null killResult=true

=== SIGTERM received · 2026-08-22 06:19:34 ===
main-thread stack at signal delivery:
  File "<frozen runpy>", line 198, in _run_module_as_main
  File "<frozen runpy>", line 88, in _run_code
  File "/opt/hermes/tui_gateway/entry.py", line 490, in <module>
    main()
  File "/opt/hermes/tui_gateway/entry.py", line 461, in main
    raw = sys.stdin.readline()
  File "/opt/hermes/tui_gateway/entry.py", line 130, in _log_signal
    f.write("".join(traceback.format_stack(sys._current_frames().get(tid))))
  File "/usr/lib/python3.13/traceback.py", line 246, in format_stack
    return format_list(extract_stack(f, limit=limit))
  File "/usr/lib/python3.13/traceback.py", line 260, in extract_stack
    stack = StackSummary.extract(walk_stack(f), limit=limit)
  File "/usr/lib/python3.13/traceback.py", line 449, in extract
    return klass._extract_from_extended_frame_gen(
  File "/usr/lib/python3.13/traceback.py", line 500, in _extract_from_extended_frame_gen
    f.line
  File "/usr/lib/python3.13/traceback.py", line 373, in line
    self._set_lines()
  File "/usr/lib/python3.13/traceback.py", line 351, in _set_lines
    line = linecache.getline(self.filename, lineno).rstrip()
  File "/usr/lib/python3.13/linecache.py", line 26, in getline
    lines = getlines(filename, module_globals)
  File "/usr/lib/python3.13/linecache.py", line 42, in getlines
    return updatecache(filename, module_globals)
  File "/usr/lib/python3.13/linecache.py", line 172, in updatecache
    lines = fp.readlines()
  File "<frozen codecs>", line 322, in decode

--- thread MainThread (id=140437913499520) ---
  File "<frozen runpy>", line 198, in _run_module_as_main
  File "<frozen runpy>", line 88, in _run_code
  File "/opt/hermes/tui_gateway/entry.py", line 490, in <module>
    main()
  File "/opt/hermes/tui_gateway/entry.py", line 461, in main
    raw = sys.stdin.readline()
  File "/opt/hermes/tui_gateway/entry.py", line 130, in _log_signal
    f.write("".join(traceback.format_stack(sys._current_frames().get(tid))))
  File "/usr/lib/python3.13/traceback.py", line 246, in format_stack
    return format_list(extract_stack(f, limit=limit))
  File "/usr/lib/python3.13/traceback.py", line 260, in extract_stack
    stack = StackSummary.extract(walk_stack(f), limit=limit)
  File "/usr/lib/python3.13/traceback.py", line 449, in extract
    return klass._extract_from_extended_frame_gen(
  File "/usr/lib/python3.13/traceback.py", line 500, in _extract_from_extended_frame_gen
    f.line
  File "/usr/lib/python3.13/traceback.py", line 373, in line
    self._set_lines()
  File "/usr/lib/python3.13/traceback.py", line 351, in _set_lines
    line = linecache.getline(self.filename, lineno).rstrip()
  File "/usr/lib/python3.13/linecache.py", line 26, in getline
    lines = getlines(filename, module_globals)
  File "/usr/lib/python3.13/linecache.py", line 42, in getlines
    return updatecache(filename, module_globals)
  File "/usr/lib/python3.13/linecache.py", line 172, in updatecache
    lines = fp.readlines()
  File "<frozen codecs>", line 322, in decode
  File "/opt/hermes/tui_gateway/entry.py", line 130, in _log_signal
    f.write("".join(traceback.format_stack(sys._current_frames().get(tid))))

--- thread Thread-2 (_loop) (id=140437876799168) ---
  File "/usr/lib/python3.13/threading.py", line 1014, in _bootstrap
    self._bootstrap_inner()
  File "/usr/lib/python3.13/threading.py", line 1043, in _bootstrap_inner
    self.run()
  File "/usr/lib/python3.13/threading.py", line 994, in run
    self._target(*self._args, **self._kwargs)
  File "/opt/hermes/tui_gateway/server.py", line 1392, in _loop
    time.sleep(_REAPER_SCAN_S)

--- thread Thread-3 (recv_events) (id=140437866309312) ---
  File "/usr/lib/python3.13/threading.py", line 1014, in _bootstrap
    self._bootstrap_inner()
  File "/usr/lib/python3.13/threading.py", line 1043, in _bootstrap_inner
    self.run()
  File "/usr/lib/python3.13/threading.py", line 994, in run
    self._target(*self._args, **self._kwargs)
  File "/opt/hermes/.venv/lib/python3.13/site-packages/websockets/sync/client.py", line 123, in recv_events
    super().recv_events()
  File "/opt/hermes/.venv/lib/python3.13/site-packages/websockets/sync/connection.py", line 814, in recv_events
    data = self.socket.recv(self.recv_bufsize)

--- thread Thread-4 (keepalive) (id=140437857916608) ---
  File "/usr/lib/python3.13/threading.py", line 1014, in _bootstrap
    self._bootstrap_inner()
  File "/usr/lib/python3.13/threading.py", line 1043, in _bootstrap_inner
    self.run()
  File "/usr/lib/python3.13/threading.py", line 994, in run
    self._target(*self._args, **self._kwargs)
  File "/opt/hermes/.venv/lib/python3.13/site-packages/websockets/sync/connection.py", line 758, in keepalive
    self.recv_events_thread.join(self.ping_interval - self.latency)
  File "/usr/lib/python3.13/threading.py", line 1094, in join
    self._handle.join(timeout)

--- thread hermes-ws-pub (id=140437645948608) ---
  File "/usr/lib/python3.13/threading.py", line 1014, in _bootstrap
    self._bootstrap_inner()
  File "/usr/lib/python3.13/threading.py", line 1043, in _bootstrap_inner
    self.run()
  File "/usr/lib/python3.13/threading.py", line 994, in run
    self._target(*self._args, **self._kwargs)
  File "/opt/hermes/tui_gateway/event_publisher.py", line 74, in _drain
    item = self._q.get()
  File "/usr/lib/python3.13/queue.py", line 202, in get
    self.not_empty.wait()
  File "/usr/lib/python3.13/threading.py", line 359, in wait
    waiter.acquire()

--- thread hermes-change-watcher (id=140437637555904) ---
  File "/usr/lib/python3.13/threading.py", line 1014, in _bootstrap
    self._bootstrap_inner()
  File "/usr/lib/python3.13/threading.py", line 1043, in _bootstrap_inner
    self.run()
  File "/usr/lib/python3.13/threading.py", line 994, in run
    self._target(*self._args, **self._kwargs)
  File "/opt/hermes/tui_gateway/server.py", line 3991, in _loop
    time.sleep(0.5)

--- thread tui-rpc_0 (id=140437614651072) ---
  File "/usr/lib/python3.13/threading.py", line 1014, in _bootstrap
    self._bootstrap_inner()
  File "/usr/lib/python3.13/threading.py", line 1043, in _bootstrap_inner
    self.run()
  File "/usr/lib/python3.13/threading.py", line 994, in run
    self._target(*self._args, **self._kwargs)
  File "/usr/lib/python3.13/concurrent/futures/thread.py", line 90, in _worker
    work_item = work_queue.get(block=True)

--- thread Thread-6 (_monitor) (id=140437368075968) ---
  File "/usr/lib/python3.13/threading.py", line 1014, in _bootstrap
    self._bootstrap_inner()
  File "/usr/lib/python3.13/threading.py", line 1043, in _bootstrap_inner
    self.run()
  File "/usr/lib/python3.13/threading.py", line 994, in run
    self._target(*self._args, **self._kwargs)
  File "/usr/lib/python3.13/logging/handlers.py", line 1593, in _monitor
    record = self.dequeue(True)
  File "/usr/lib/python3.13/logging/handlers.py", line 1539, in dequeue
    return self.queue.get(block)
